Component: ARM Compiler 5.06 update 5 (build 528) Tool: armlink [4d35e2]

==============================================================================

Section Cross References

    startup_stm32h723xx.o(STACK) refers (Special) to heapauxi.o(.text) for __use_two_region_memory
    startup_stm32h723xx.o(HEAP) refers (Special) to heapauxi.o(.text) for __use_two_region_memory
    startup_stm32h723xx.o(RESET) refers (Special) to heapauxi.o(.text) for __use_two_region_memory
    startup_stm32h723xx.o(RESET) refers to startup_stm32h723xx.o(STACK) for __initial_sp
    startup_stm32h723xx.o(RESET) refers to startup_stm32h723xx.o(.text) for Reset_Handler
    startup_stm32h723xx.o(RESET) refers to stm32h7xx_it.o(i.NMI_Handler) for NMI_Handler
    startup_stm32h723xx.o(RESET) refers to stm32h7xx_it.o(i.HardFault_Handler) for HardFault_Handler
    startup_stm32h723xx.o(RESET) refers to stm32h7xx_it.o(i.MemManage_Handler) for MemManage_Handler
    startup_stm32h723xx.o(RESET) refers to stm32h7xx_it.o(i.BusFault_Handler) for BusFault_Handler
    startup_stm32h723xx.o(RESET) refers to stm32h7xx_it.o(i.UsageFault_Handler) for UsageFault_Handler
    startup_stm32h723xx.o(RESET) refers to stm32h7xx_it.o(i.SVC_Handler) for SVC_Handler
    startup_stm32h723xx.o(RESET) refers to stm32h7xx_it.o(i.DebugMon_Handler) for DebugMon_Handler
    startup_stm32h723xx.o(RESET) refers to stm32h7xx_it.o(i.PendSV_Handler) for PendSV_Handler
    startup_stm32h723xx.o(RESET) refers to stm32h7xx_it.o(i.SysTick_Handler) for SysTick_Handler
    startup_stm32h723xx.o(RESET) refers to stm32h7xx_it.o(i.DMA1_Stream0_IRQHandler) for DMA1_Stream0_IRQHandler
    startup_stm32h723xx.o(RESET) refers to stm32h7xx_it.o(i.DMA1_Stream1_IRQHandler) for DMA1_Stream1_IRQHandler
    startup_stm32h723xx.o(RESET) refers to stm32h7xx_it.o(i.DMA1_Stream2_IRQHandler) for DMA1_Stream2_IRQHandler
    startup_stm32h723xx.o(RESET) refers to stm32h7xx_it.o(i.DMA1_Stream3_IRQHandler) for DMA1_Stream3_IRQHandler
    startup_stm32h723xx.o(RESET) refers to stm32h7xx_it.o(i.FDCAN1_IT0_IRQHandler) for FDCAN1_IT0_IRQHandler
    startup_stm32h723xx.o(RESET) refers to stm32h7xx_it.o(i.FDCAN2_IT0_IRQHandler) for FDCAN2_IT0_IRQHandler
    startup_stm32h723xx.o(RESET) refers to stm32h7xx_it.o(i.FDCAN1_IT1_IRQHandler) for FDCAN1_IT1_IRQHandler
    startup_stm32h723xx.o(RESET) refers to stm32h7xx_it.o(i.FDCAN2_IT1_IRQHandler) for FDCAN2_IT1_IRQHandler
    startup_stm32h723xx.o(RESET) refers to stm32h7xx_it.o(i.TIM3_IRQHandler) for TIM3_IRQHandler
    startup_stm32h723xx.o(RESET) refers to stm32h7xx_it.o(i.SPI2_IRQHandler) for SPI2_IRQHandler
    startup_stm32h723xx.o(RESET) refers to stm32h7xx_it.o(i.USART1_IRQHandler) for USART1_IRQHandler
    startup_stm32h723xx.o(.text) refers (Special) to heapauxi.o(.text) for __use_two_region_memory
    startup_stm32h723xx.o(.text) refers to system_stm32h7xx.o(i.ExitRun0Mode) for ExitRun0Mode
    startup_stm32h723xx.o(.text) refers to system_stm32h7xx.o(i.SystemInit) for SystemInit
    startup_stm32h723xx.o(.text) refers to __main.o(!!!main) for __main
    startup_stm32h723xx.o(.text) refers to startup_stm32h723xx.o(HEAP) for Heap_Mem
    startup_stm32h723xx.o(.text) refers to startup_stm32h723xx.o(STACK) for Stack_Mem
    main.o(i.HAL_TIM_PeriodElapsedCallback) refers to stm32h7xx_hal.o(i.HAL_IncTick) for HAL_IncTick
    main.o(i.SystemClock_Config) refers to rt_memclr_w.o(.text) for __aeabi_memclr4
    main.o(i.SystemClock_Config) refers to stm32h7xx_hal_pwr_ex.o(i.HAL_PWREx_ConfigSupply) for HAL_PWREx_ConfigSupply
    main.o(i.SystemClock_Config) refers to stm32h7xx_hal_rcc.o(i.HAL_RCC_OscConfig) for HAL_RCC_OscConfig
    main.o(i.SystemClock_Config) refers to stm32h7xx_hal_rcc.o(i.HAL_RCC_ClockConfig) for HAL_RCC_ClockConfig
    main.o(i.SystemClock_Config) refers to stm32h7xx_hal_rcc.o(i.HAL_RCC_MCOConfig) for HAL_RCC_MCOConfig
    main.o(i.main) refers to stm32h7xx_hal.o(i.HAL_Init) for HAL_Init
    main.o(i.main) refers to main.o(i.SystemClock_Config) for SystemClock_Config
    main.o(i.main) refers to gpio.o(i.MX_GPIO_Init) for MX_GPIO_Init
    main.o(i.main) refers to dma.o(i.MX_DMA_Init) for MX_DMA_Init
    main.o(i.main) refers to fdcan.o(i.MX_FDCAN1_Init) for MX_FDCAN1_Init
    main.o(i.main) refers to tim.o(i.MX_TIM1_Init) for MX_TIM1_Init
    main.o(i.main) refers to usart.o(i.MX_USART1_UART_Init) for MX_USART1_UART_Init
    main.o(i.main) refers to tim.o(i.MX_TIM2_Init) for MX_TIM2_Init
    main.o(i.main) refers to fdcan.o(i.MX_FDCAN2_Init) for MX_FDCAN2_Init
    main.o(i.main) refers to spi.o(i.MX_SPI2_Init) for MX_SPI2_Init
    main.o(i.main) refers to robotic_arm_control_api.o(i.Robotic_Arm_Control_Init) for Robotic_Arm_Control_Init
    main.o(i.main) refers to robotic_arm_control_api.o(i.Robotic_Arm_Control) for Robotic_Arm_Control
    gpio.o(i.MX_GPIO_Init) refers to rt_memclr_w.o(.text) for __aeabi_memclr4
    gpio.o(i.MX_GPIO_Init) refers to stm32h7xx_hal_gpio.o(i.HAL_GPIO_WritePin) for HAL_GPIO_WritePin
[...]

    Global Symbols

    Symbol Name                              Value     Ov Type        Size  Object(Section)

    BuildAttributes$$THM_ISAv4$E$P$D$K$B$S$7EM$VFPv5_D16$PE$PLD8$A:L22UL41UL21$X:L11$S22US41US21$IEEE1$IW$USESV6$~STKCKD$USESV7$~SHL$OTIME$ROPI$IEEEX$EBA8$UX$STANDARDLIB$REQ8$PRES8$EABIv2 0x00000000   Number         0  anon$$obj.o ABSOLUTE
    __ARM_use_no_argv                        0x00000000   Number         0  main.o ABSOLUTE
    __ARM_exceptions_init                     - Undefined Weak Reference
    __alloca_initialize                       - Undefined Weak Reference
    __arm_preinit_                            - Undefined Weak Reference
    __cpp_initialize__aeabi_                  - Undefined Weak Reference
    __cxa_finalize                            - Undefined Weak Reference
    __rt_locale                               - Undefined Weak Reference
    __sigvec_lookup                           - Undefined Weak Reference
    _atexit_init                              - Undefined Weak Reference
    _call_atexit_fns                          - Undefined Weak Reference
    _clock_init                               - Undefined Weak Reference
    _fp_trap_init                             - Undefined Weak Reference
    _fp_trap_shutdown                         - Undefined Weak Reference
    _get_lc_collate                           - Undefined Weak Reference
    _get_lc_ctype                             - Undefined Weak Reference
    _get_lc_monetary                          - Undefined Weak Reference
    _get_lc_numeric                           - Undefined Weak Reference
    _get_lc_time                              - Undefined Weak Reference
    _getenv_init                              - Undefined Weak Reference
    _handle_redirection                       - Undefined Weak Reference
    _init_alloc                               - Undefined Weak Reference
    _init_user_alloc                          - Undefined Weak Reference
    _initio                                   - Undefined Weak Reference
    _rand_init                                - Undefined Weak Reference
    _signal_finish                            - Undefined Weak Reference
    _signal_init                              - Undefined Weak Reference
    _terminate_alloc                          - Undefined Weak Reference
    _terminate_user_alloc                     - Undefined Weak Reference
    _terminateio                              - Undefined Weak Reference
    __Vectors_Size                           0x000002cc   Number         0  startup_stm32h723xx.o ABSOLUTE
    __Vectors                                0x08000000   Data           4  startup_stm32h723xx.o(RESET)
    __Vectors_End                            0x080002cc   Data           0  startup_stm32h723xx.o(RESET)
    __main                                   0x080002cd   Thumb Code     8  __main.o(!!!main)
    __scatterload                            0x080002d5   Thumb Code     0  __scatter.o(!!!scatter)
    __scatterload_rt2                        0x080002d5   Thumb Code    44  __scatter.o(!!!scatter)
    __scatterload_rt2_thumb_only             0x080002d5   Thumb Code     0  __scatter.o(!!!scatter)
    __scatterload_null                       0x080002e3   Thumb Code     0  __scatter.o(!!!scatter)
    __scatterload_copy                       0x08000309   Thumb Code    26  __scatter_copy.o(!!handler_copy)
    __scatterload_zeroinit                   0x08000325   Thumb Code    28  __scatter_zi.o(!!handler_zi)
    __rt_lib_init                            0x08000341   Thumb Code     0  libinit.o(.ARM.Collect$$libinit$$00000000)
    __rt_lib_init_fp_1                       0x08000343   Thumb Code     0  libinit2.o(.ARM.Collect$$libinit$$00000001)
    __rt_lib_init_alloca_1                   0x08000347   Thumb Code     0  libinit2.o(.ARM.Collect$$libinit$$0000002E)
    __rt_lib_init_argv_1                     0x08000347   Thumb Code     0  libinit2.o(.ARM.Collect$$libinit$$0000002C)
    __rt_lib_init_atexit_1                   0x08000347   Thumb Code     0  libinit2.o(.ARM.Collect$$libinit$$0000001B)
    __rt_lib_init_clock_1                    0x08000347   Thumb Code     0  libinit2.o(.ARM.Collect$$libinit$$00000021)
    __rt_lib_init_cpp_1                      0x08000347   Thumb Code     0  libinit2.o(.ARM.Collect$$libinit$$00000032)
    __rt_lib_init_exceptions_1               0x08000347   Thumb Code     0  libinit2.o(.ARM.Collect$$libinit$$00000030)
    __rt_lib_init_fp_trap_1                  0x08000347   Thumb Code     0  libinit2.o(.ARM.Collect$$libinit$$0000001F)
    __rt_lib_init_getenv_1                   0x08000347   Thumb Code     0  libinit2.o(.ARM.Collect$$libinit$$00000023)
    __rt_lib_init_heap_1                     0x08000347   Thumb Code     0  libinit2.o(.ARM.Collect$$libinit$$0000000A)
    __rt_lib_init_lc_collate_1               0x08000347   Thumb Code     0  libinit2.o(.ARM.Collect$$libinit$$00000011)
    __rt_lib_init_lc_ctype_1                 0x08000347   Thumb Code     0  libinit2.o(.ARM.Collect$$libinit$$00000013)
    __rt_lib_init_lc_monetary_1              0x08000347   Thumb Code     0  libinit2.o(.ARM.Collect$$libinit$$00000015)
    __rt_lib_init_lc_numeric_1               0x08000347   Thumb Code     0  libinit2.o(.ARM.Collect$$libinit$$00000017)
    __rt_lib_init_lc_time_1                  0x08000347   Thumb Code     0  libinit2.o(.ARM.Collect$$libinit$$00000019)
    __rt_lib_init_preinit_1                  0x08000347   Thumb Code     0  libinit2.o(.ARM.Collect$$libinit$$00000004)
    __rt_lib_init_rand_1                     0x08000347   Thumb Code     0  libinit2.o(.ARM.Collect$$libinit$$0000000E)
    __rt_lib_init_return                     0x08000347   Thumb Code     0  libinit2.o(.ARM.Collect$$libinit$$00000033)
    __rt_lib_init_signal_1                   0x08000347   Thumb Code     0  libinit2.o(.ARM.Collect$$libinit$$0000001D)
    __rt_lib_init_stdio_1                    0x08000347   Thumb Code     0  libinit2.o(.ARM.Collect$$libinit$$00000025)
    __rt_lib_init_user_alloc_1               0x08000347   Thumb Code     0  libinit2.o(.ARM.Collect$$libinit$$0000000C)
    __rt_lib_shutdown                        0x08000349   Thumb Code     0  libshutdown.o(.ARM.Collect$$libshutdown$$00000000)
    __rt_lib_shutdown_cpp_1                  0x0800034b   Thumb Code     0  libshutdown2.o(.ARM.Collect$$libshutdown$$00000002)
    __rt_lib_shutdown_fp_trap_1              0x0800034b   Thumb Code     0  libshutdown2.o(.ARM.Collect$$libshutdown$$00000007)
    __rt_lib_shutdown_heap_1                 0x0800034b   Thumb Code     0  libshutdown2.o(.ARM.Collect$$libshutdown$$0000000F)
    __rt_lib_shutdown_return                 0x0800034b   Thumb Code     0  libshutdown2.o(.ARM.Collect$$libshutdown$$00000010)
    __rt_lib_shutdown_signal_1               0x0800034b   Thumb Code     0  libshutdown2.o(.ARM.Collect$$libshutdown$$0000000A)
    __rt_lib_shutdown_stdio_1                0x0800034b   Thumb Code     0  libshutdown2.o(.ARM.Collect$$libshutdown$$00000004)
    __rt_lib_shutdown_user_alloc_1           0x0800034b   Thumb Code     0  libshutdown2.o(.ARM.Collect$$libshutdown$$0000000C)
    __rt_entry                               0x0800034d   Thumb Code     0  __rtentry.o(.ARM.Collect$$rtentry$$00000000)
    __rt_entry_presh_1                       0x0800034d   Thumb Code     0  __rtentry2.o(.ARM.Collect$$rtentry$$00000002)
    __rt_entry_sh                            0x0800034d   Thumb Code     0  __rtentry4.o(.ARM.Collect$$rtentry$$00000004)
    __rt_entry_li                            0x08000353   Thumb Code     0  __rtentry2.o(.ARM.Collect$$rtentry$$0000000A)
    __rt_entry_postsh_1                      0x08000353   Thumb Code     0  __rtentry2.o(.ARM.Collect$$rtentry$$00000009)
    __rt_entry_main                          0x08000357   Thumb Code     0  __rtentry2.o(.ARM.Collect$$rtentry$$0000000D)
    __rt_entry_postli_1                      0x08000357   Thumb Code     0  __rtentry2.o(.ARM.Collect$$rtentry$$0000000C)
    __rt_exit                                0x0800035f   Thumb Code     0  rtexit.o(.ARM.Collect$$rtexit$$00000000)
    __rt_exit_ls                             0x08000361   Thumb Code     0  rtexit2.o(.ARM.Collect$$rtexit$$00000003)
    __rt_exit_prels_1                        0x08000361   Thumb Code     0  rtexit2.o(.ARM.Collect$$rtexit$$00000002)
    __rt_exit_exit                           0x08000365   Thumb Code     0  rtexit2.o(.ARM.Collect$$rtexit$$00000004)
    Reset_Handler                            0x0800036d   Thumb Code    12  startup_stm32h723xx.o(.text)
    ADC3_IRQHandler                          0x0800038b   Thumb Code     0  startup_stm32h723xx.o(.text)
    ADC_IRQHandler                           0x0800038b   Thumb Code     0  startup_stm32h723xx.o(.text)
    BDMA_Channel0_IRQHandler                 0x0800038b   Thumb Code     0  startup_stm32h723xx.o(.text)
    BDMA_Channel1_IRQHandler                 0x0800038b   Thumb Code     0  startup_stm32h723xx.o(.text)
    BDMA_Channel2_IRQHandler                 0x0800038b   Thumb Code     0  startup_stm32h723xx.o(.text)
    BDMA_Channel3_IRQHandler                 0x0800038b   Thumb Code     0  startup_stm32h723xx.o(.text)
    BDMA_Channel4_IRQHandler                 0x0800038b   Thumb Code     0  startup_stm32h723xx.o(.text)
    BDMA_Channel5_IRQHandler                 0x0800038b   Thumb Code     0  startup_stm32h723xx.o(.text)
    BDMA_Channel6_IRQHandler                 0x0800038b   Thumb Code     0  startup_stm32h723xx.o(.text)
    BDMA_Channel7_IRQHandler                 0x0800038b   Thumb Code     0  startup_stm32h723xx.o(.text)
    CEC_IRQHandler                           0x0800038b   Thumb Code     0  startup_stm32h723xx.o(.text)
    COMP1_IRQHandler                         0x0800038b   Thumb Code     0  startup_stm32h723xx.o(.text)
    CORDIC_IRQHandler                        0x0800038b   Thumb Code     0  startup_stm32h723xx.o(.text)
    CRS_IRQHandler                           0x0800038b   Thumb Code     0  startup_stm32h723xx.o(.text)
    DCMI_PSSI_IRQHandler                     0x0800038b   Thumb Code     0  startup_stm32h723xx.o(.text)
    DFSDM1_FLT0_IRQHandler                   0x0800038b   Thumb Code     0  startup_stm32h723xx.o(.text)
    DFSDM1_FLT1_IRQHandler                   0x0800038b   Thumb Code     0  startup_stm32h723xx.o(.text)
    DFSDM1_FLT2_IRQHandler                   0x0800038b   Thumb Code     0  startup_stm32h723xx.o(.text)
    DFSDM1_FLT3_IRQHandler                   0x0800038b   Thumb Code     0  startup_stm32h723xx.o(.text)
    DMA1_Stream4_IRQHandler                  0x0800038b   Thumb Code     0  startup_stm32h723xx.o(.text)
    DMA1_Stream5_IRQHandler                  0x0800038b   Thumb Code     0  startup_stm32h723xx.o(.text)
    DMA1_Stream6_IRQHandler                  0x0800038b   Thumb Code     0  startup_stm32h723xx.o(.text)
    DMA1_Stream7_IRQHandler                  0x0800038b   Thumb Code     0  startup_stm32h723xx.o(.text)
    DMA2D_IRQHandler                         0x0800038b   Thumb Code     0  startup_stm32h723xx.o(.text)
    DMA2_Stream0_IRQHandler                  0x0800038b   Thumb Code     0  startup_stm32h723xx.o(.text)
    DMA2_Stream1_IRQHandler                  0x0800038b   Thumb Code     0  startup_stm32h723xx.o(.text)
    DMA2_Stream2_IRQHandler                  0x0800038b   Thumb Code     0  startup_stm32h723xx.o(.text)
    DMA2_Stream3_IRQHandler                  0x0800038b   Thumb Code     0  startup_stm32h723xx.o(.text)
    DMA2_Stream4_IRQHandler                  0x0800038b   Thumb Code     0  startup_stm32h723xx.o(.text)
    DMA2_Stream5_IRQHandler                  0x0800038b   Thumb Code     0  startup_stm32h723xx.o(.text)
    DMA2_Stream6_IRQHandler                  0x0800038b   Thumb Code     0  startup_stm32h723xx.o(.text)
    DMA2_Stream7_IRQHandler                  0x0800038b   Thumb Code     0  startup_stm32h723xx.o(.text)
    DMAMUX1_OVR_IRQHandler                   0x0800038b   Thumb Code     0  startup_stm32h723xx.o(.text)
    DMAMUX2_OVR_IRQHandler                   0x0800038b   Thumb Code     0  startup_stm32h723xx.o(.text)
    DTS_IRQHandler                           0x0800038b   Thumb Code     0  startup_stm32h723xx.o(.text)
    ECC_IRQHandler                           0x0800038b   Thumb Code     0  startup_stm32h723xx.o(.text)
    ETH_IRQHandler                           0x0800038b   Thumb Code     0  startup_stm32h723xx.o(.text)
    ETH_WKUP_IRQHandler                      0x0800038b   Thumb Code     0  startup_stm32h723xx.o(.text)
    EXTI0_IRQHandler                         0x0800038b   Thumb Code     0  startup_stm32h723xx.o(.text)
    EXTI15_10_IRQHandler                     0x0800038b   Thumb Code     0  startup_stm32h723xx.o(.text)
    EXTI1_IRQHandler                         0x0800038b   Thumb Code     0  startup_stm32h723xx.o(.text)
    EXTI2_IRQHandler                         0x0800038b   Thumb Code     0  startup_stm32h723xx.o(.text)
    EXTI3_IRQHandler                         0x0800038b   Thumb Code     0  startup_stm32h723xx.o(.text)
    EXTI4_IRQHandler                         0x0800038b   Thumb Code     0  startup_stm32h723xx.o(.text)
    EXTI9_5_IRQHandler                       0x0800038b   Thumb Code     0  startup_stm32h723xx.o(.text)
    FDCAN3_IT0_IRQHandler                    0x0800038b   Thumb Code     0  startup_stm32h723xx.o(.text)
    FDCAN3_IT1_IRQHandler                    0x0800038b   Thumb Code     0  startup_stm32h723xx.o(.text)
    FDCAN_CAL_IRQHandler                     0x0800038b   Thumb Code     0  startup_stm32h723xx.o(.text)
    FLASH_IRQHandler                         0x0800038b   Thumb Code     0  startup_stm32h723xx.o(.text)
    FMAC_IRQHandler                          0x0800038b   Thumb Code     0  startup_stm32h723xx.o(.text)
    FMC_IRQHandler                           0x0800038b   Thumb Code     0  startup_stm32h723xx.o(.text)
    FPU_IRQHandler                           0x0800038b   Thumb Code     0  startup_stm32h723xx.o(.text)
    HSEM1_IRQHandler                         0x0800038b   Thumb Code     0  startup_stm32h723xx.o(.text)
    I2C1_ER_IRQHandler                       0x0800038b   Thumb Code     0  startup_stm32h723xx.o(.text)
    I2C1_EV_IRQHandler                       0x0800038b   Thumb Code     0  startup_stm32h723xx.o(.text)
    I2C2_ER_IRQHandler                       0x0800038b   Thumb Code     0  startup_stm32h723xx.o(.text)
    I2C2_EV_IRQHandler                       0x0800038b   Thumb Code     0  startup_stm32h723xx.o(.text)
    I2C3_ER_IRQHandler                       0x0800038b   Thumb Code     0  startup_stm32h723xx.o(.text)
    I2C3_EV_IRQHandler                       0x0800038b   Thumb Code     0  startup_stm32h723xx.o(.text)
    I2C4_ER_IRQHandler                       0x0800038b   Thumb Code     0  startup_stm32h723xx.o(.text)
    I2C4_EV_IRQHandler                       0x0800038b   Thumb Code     0  startup_stm32h723xx.o(.text)
    I2C5_ER_IRQHandler                       0x0800038b   Thumb Code     0  startup_stm32h723xx.o(.text)
    I2C5_EV_IRQHandler                       0x0800038b   Thumb Code     0  startup_stm32h723xx.o(.text)
    LPTIM1_IRQHandler                        0x0800038b   Thumb Code     0  startup_stm32h723xx.o(.text)
    LPTIM2_IRQHandler                        0x0800038b   Thumb Code     0  startup_stm32h723xx.o(.text)
    LPTIM3_IRQHandler                        0x0800038b   Thumb Code     0  startup_stm32h723xx.o(.text)
    LPTIM4_IRQHandler                        0x0800038b   Thumb Code     0  startup_stm32h723xx.o(.text)
    LPTIM5_IRQHandler                        0x0800038b   Thumb Code     0  startup_stm32h723xx.o(.text)
    LPUART1_IRQHandler                       0x0800038b   Thumb Code     0  startup_stm32h723xx.o(.text)
    LTDC_ER_IRQHandler                       0x0800038b   Thumb Code     0  startup_stm32h723xx.o(.text)
    LTDC_IRQHandler                          0x0800038b   Thumb Code     0  startup_stm32h723xx.o(.text)
    MDIOS_IRQHandler                         0x0800038b   Thumb Code     0  startup_stm32h723xx.o(.text)
    MDIOS_WKUP_IRQHandler                    0x0800038b   Thumb Code     0  startup_stm32h723xx.o(.text)
    MDMA_IRQHandler                          0x0800038b   Thumb Code     0  startup_stm32h723xx.o(.text)
    OCTOSPI1_IRQHandler                      0x0800038b   Thumb Code     0  startup_stm32h723xx.o(.text)
    OCTOSPI2_IRQHandler                      0x0800038b   Thumb Code     0  startup_stm32h723xx.o(.text)
    OTG_HS_EP1_IN_IRQHandler                 0x0800038b   Thumb Code     0  startup_stm32h723xx.o(.text)
    OTG_HS_EP1_OUT_IRQHandler                0x0800038b   Thumb Code     0  startup_stm32h723xx.o(.text)
    OTG_HS_IRQHandler                        0x0800038b   Thumb Code     0  startup_stm32h723xx.o(.text)
    OTG_HS_WKUP_IRQHandler                   0x0800038b   Thumb Code     0  startup_stm32h723xx.o(.text)
    PVD_AVD_IRQHandler                       0x0800038b   Thumb Code     0  startup_stm32h723xx.o(.text)
    RCC_IRQHandler                           0x0800038b   Thumb Code     0  startup_stm32h723xx.o(.text)
    RNG_IRQHandler                           0x0800038b   Thumb Code     0  startup_stm32h723xx.o(.text)
    RTC_Alarm_IRQHandler                     0x0800038b   Thumb Code     0  startup_stm32h723xx.o(.text)
    RTC_WKUP_IRQHandler                      0x0800038b   Thumb Code     0  startup_stm32h723xx.o(.text)
    SAI1_IRQHandler                          0x0800038b   Thumb Code     0  startup_stm32h723xx.o(.text)
    SAI4_IRQHandler                          0x0800038b   Thumb Code     0  startup_stm32h723xx.o(.text)
    SDMMC1_IRQHandler                        0x0800038b   Thumb Code     0  startup_stm32h723xx.o(.text)
    SDMMC2_IRQHandler                        0x0800038b   Thumb Code     0  startup_stm32h723xx.o(.text)
    SPDIF_RX_IRQHandler                      0x0800038b   Thumb Code     0  startup_stm32h723xx.o(.text)
    SPI1_IRQHandler                          0x0800038b   Thumb Code     0  startup_stm32h723xx.o(.text)
    SPI3_IRQHandler                          0x0800038b   Thumb Code     0  startup_stm32h723xx.o(.text)
    SPI4_IRQHandler                          0x0800038b   Thumb Code     0  startup_stm32h723xx.o(.text)
    SPI5_IRQHandler                          0x0800038b   Thumb Code     0  startup_stm32h723xx.o(.text)
    SPI6_IRQHandler                          0x0800038b   Thumb Code     0  startup_stm32h723xx.o(.text)
    SWPMI1_IRQHandler                        0x0800038b   Thumb Code     0  startup_stm32h723xx.o(.text)
    TAMP_STAMP_IRQHandler                    0x0800038b   Thumb Code     0  startup_stm32h723xx.o(.text)
    TIM15_IRQHandler                         0x0800038b   Thumb Code     0  startup_stm32h723xx.o(.text)
    TIM16_IRQHandler                         0x0800038b   Thumb Code     0  startup_stm32h723xx.o(.text)
    TIM17_IRQHandler                         0x0800038b   Thumb Code     0  startup_stm32h723xx.o(.text)
    TIM1_BRK_IRQHandler                      0x0800038b   Thumb Code     0  startup_stm32h723xx.o(.text)
    TIM1_CC_IRQHandler                       0x0800038b   Thumb Code     0  startup_stm32h723xx.o(.text)
    TIM1_TRG_COM_IRQHandler                  0x0800038b   Thumb Code     0  startup_stm32h723xx.o(.text)
    TIM1_UP_IRQHandler                       0x0800038b   Thumb Code     0  startup_stm32h723xx.o(.text)
    TIM23_IRQHandler                         0x0800038b   Thumb Code     0  startup_stm32h723xx.o(.text)
    TIM24_IRQHandler                         0x0800038b   Thumb Code     0  startup_stm32h723xx.o(.text)
    TIM2_IRQHandler                          0x0800038b   Thumb Code     0  startup_stm32h723xx.o(.text)
    TIM4_IRQHandler                          0x0800038b   Thumb Code     0  startup_stm32h723xx.o(.text)
    TIM5_IRQHandler                          0x0800038b   Thumb Code     0  startup_stm32h723xx.o(.text)
    TIM6_DAC_IRQHandler                      0x0800038b   Thumb Code     0  startup_stm32h723xx.o(.text)
    TIM7_IRQHandler                          0x0800038b   Thumb Code     0  startup_stm32h723xx.o(.text)
    TIM8_BRK_TIM12_IRQHandler                0x0800038b   Thumb Code     0  startup_stm32h723xx.o(.text)
    TIM8_CC_IRQHandler                       0x0800038b   Thumb Code     0  startup_stm32h723xx.o(.text)
    TIM8_TRG_COM_TIM14_IRQHandler            0x0800038b   Thumb Code     0  startup_stm32h723xx.o(.text)
    TIM8_UP_TIM13_IRQHandler                 0x0800038b   Thumb Code     0  startup_stm32h723xx.o(.text)
    UART4_IRQHandler                         0x0800038b   Thumb Code     0  startup_stm32h723xx.o(.text)
    UART5_IRQHandler                         0x0800038b   Thumb Code     0  startup_stm32h723xx.o(.text)
    UART7_IRQHandler                         0x0800038b   Thumb Code     0  startup_stm32h723xx.o(.text)
    UART8_IRQHandler                         0x0800038b   Thumb Code     0  startup_stm32h723xx.o(.text)
    UART9_IRQHandler                         0x0800038b   Thumb Code     0  startup_stm32h723xx.o(.text)
    USART10_IRQHandler                       0x0800038b   Thumb Code     0  startup_stm32h723xx.o(.text)
    USART2_IRQHandler                        0x0800038b   Thumb Code     0  startup_stm32h723xx.o(.text)
    USART3_IRQHandler                        0x0800038b   Thumb Code     0  startup_stm32h723xx.o(.text)
    USART6_IRQHandler                        0x0800038b   Thumb Code     0  startup_stm32h723xx.o(.text)
    WAKEUP_PIN_IRQHandler                    0x0800038b   Thumb Code     0  startup_stm32h723xx.o(.text)
    WWDG_IRQHandler                          0x0800038b   Thumb Code     0  startup_stm32h723xx.o(.text)
    __user_initial_stackheap                 0x0800038d   Thumb Code     0  startup_stm32h723xx.o(.text)
    __aeabi_uldivmod                         0x080003b5   Thumb Code     0  lludivv7m.o(.text)
    _ll_udiv                                 0x080003b5   Thumb Code   238  lludivv7m.o(.text)
    __aeabi_memcpy4                          0x080004a3   Thumb Code     0  rt_memcpy_w.o(.text)
    __aeabi_memcpy8                          0x080004a3   Thumb Code     0  rt_memcpy_w.o(.text)
    __rt_memcpy_w                            0x080004a3   Thumb Code   100  rt_memcpy_w.o(.text)
    _memcpy_lastbytes_aligned                0x080004eb   Thumb Code     0  rt_memcpy_w.o(.text)
    __aeabi_memclr4                          0x08000507   Thumb Code     0  rt_memclr_w.o(.text)
    __aeabi_memclr8                          0x08000507   Thumb Code     0  rt_memclr_w.o(.text)
    __rt_memclr_w                            0x08000507   Thumb Code    78  rt_memclr_w.o(.text)
    _memset_w                                0x0800050b   Thumb Code     0  rt_memclr_w.o(.text)
    __use_two_region_memory                  0x08000555   Thumb Code     2  heapauxi.o(.text)
    __rt_heap_escrow$2region                 0x08000557   Thumb Code     2  heapauxi.o(.text)
    __rt_heap_expand$2region                 0x08000559   Thumb Code     2  heapauxi.o(.text)
    __read_errno                             0x0800055b   Thumb Code    10  _rserrno.o(.text)
    __set_errno                              0x08000565   Thumb Code    12  _rserrno.o(.text)
    __aeabi_errno_addr                       0x08000571   Thumb Code     8  rt_errno_addr_intlibspace.o(.text)
    __errno$intlibspace                      0x08000571   Thumb Code     0  rt_errno_addr_intlibspace.o(.text)
    __rt_errno_addr$intlibspace              0x08000571   Thumb Code     0  rt_errno_addr_intlibspace.o(.text)
    __user_libspace                          0x08000579   Thumb Code     8  libspace.o(.text)
    __user_perproc_libspace                  0x08000579   Thumb Code     0  libspace.o(.text)
    __user_perthread_libspace                0x08000579   Thumb Code     0  libspace.o(.text)
    __user_setup_stackheap                   0x08000581   Thumb Code    74  sys_stackheap_outer.o(.text)
    exit                                     0x080005cb   Thumb Code    18  exit.o(.text)
    _sys_exit                                0x080005dd   Thumb Code     8  sys_exit.o(.text)
    __I$use$semihosting                      0x080005e9   Thumb Code     0  use_no_semi.o(.text)
    __use_no_semihosting_swi                 0x080005e9   Thumb Code     2  use_no_semi.o(.text)
    BusFault_Handler                         0x080005eb   Thumb Code     2  stm32h7xx_it.o(i.BusFault_Handler)
    __semihosting_library_function           0x080005eb   Thumb Code     0  indicate_semi.o(.text)
    Communication_Usart_Init                 0x080005ed   Thumb Code    10  robotic_arm_communication_hal_stm32_port.o(i.Communication_Usart_Init)
    Coordinate_Inverse_Settlement            0x08000601   Thumb Code   404  control_algorithm.o(i.Coordinate_Inverse_Settlement)
    DMA1_Stream0_IRQHandler                  0x080007d1   Thumb Code     6  stm32h7xx_it.o(i.DMA1_Stream0_IRQHandler)
    DMA1_Stream1_IRQHandler                  0x080007dd   Thumb Code     6  stm32h7xx_it.o(i.DMA1_Stream1_IRQHandler)
    DMA1_Stream2_IRQHandler                  0x080007e9   Thumb Code     6  stm32h7xx_it.o(i.DMA1_Stream2_IRQHandler)
    DMA1_Stream3_IRQHandler                  0x080007f5   Thumb Code     6  stm32h7xx_it.o(i.DMA1_Stream3_IRQHandler)
    DMJ4310_Motor_Control_Init               0x08000c39   Thumb Code   114  dmj4310_motor_driver.o(i.DMJ4310_Motor_Control_Init)
    DMJ4310_Motor_Enable                     0x08000cc5   Thumb Code    58  dmj4310_motor_driver.o(i.DMJ4310_Motor_Enable)
    DMJ4310_Motor_Handle_Update              0x08000d01   Thumb Code   358  robotic_arm_control_api.o(i.DMJ4310_Motor_Handle_Update)
    DMJ4310_Motor_MIT_Control                0x08000e85   Thumb Code   196  dmj4310_motor_driver.o(i.DMJ4310_Motor_MIT_Control)
    DMJ4310_Motor_Response_Data_Explain      0x08000f51   Thumb Code   138  dmj4310_motor_driver.o(i.DMJ4310_Motor_Response_Data_Explain)
    DebugMon_Handler                         0x08000fdb   Thumb Code     2  stm32h7xx_it.o(i.DebugMon_Handler)
    Error_Handler                            0x08000fdd   Thumb Code     4  main.o(i.Error_Handler)
    ExitRun0Mode                             0x08000fe1   Thumb Code    22  system_stm32h7xx.o(i.ExitRun0Mode)
    FDCAN1_IT0_IRQHandler                    0x08000ffd   Thumb Code     6  stm32h7xx_it.o(i.FDCAN1_IT0_IRQHandler)
    FDCAN1_IT1_IRQHandler                    0x08001009   Thumb Code     6  stm32h7xx_it.o(i.FDCAN1_IT1_IRQHandler)
    FDCAN2_IT0_IRQHandler                    0x08001015   Thumb Code     6  stm32h7xx_it.o(i.FDCAN2_IT0_IRQHandler)
    FDCAN2_IT1_IRQHandler                    0x08001021   Thumb Code     6  stm32h7xx_it.o(i.FDCAN2_IT1_IRQHandler)
    FDCAN_Send_Standard                      0x08001261   Thumb Code   122  robotic_arm_motor_hal_stm32_port.o(i.FDCAN_Send_Standard)
    Float_To_Uint                            0x080012db   Thumb Code    72  robotic_arm_motor_hal_stm32_port.o(i.Float_To_Uint)
    Forearm_Gravity_Compensation             0x08001325   Thumb Code    28  control_algorithm.o(i.Forearm_Gravity_Compensation)
    HAL_DMA_Abort                            0x08001349   Thumb Code   836  stm32h7xx_hal_dma.o(i.HAL_DMA_Abort)
    HAL_DMA_Abort_IT                         0x080016a9   Thumb Code   602  stm32h7xx_hal_dma.o(i.HAL_DMA_Abort_IT)
    HAL_DMA_IRQHandler                       0x0800192d   Thumb Code  1756  stm32h7xx_hal_dma.o(i.HAL_DMA_IRQHandler)
    HAL_DMA_Init                             0x08002015   Thumb Code   922  stm32h7xx_hal_dma.o(i.HAL_DMA_Init)
    HAL_DMA_Start_IT                         0x080023d1   Thumb Code   628  stm32h7xx_hal_dma.o(i.HAL_DMA_Start_IT)
    HAL_Delay                                0x0800266d   Thumb Code    32  stm32h7xx_hal.o(i.HAL_Delay)
    HAL_FDCAN_ActivateNotification           0x08002691   Thumb Code   126  stm32h7xx_hal_fdcan.o(i.HAL_FDCAN_ActivateNotification)
    HAL_FDCAN_AddMessageToTxFifoQ            0x08002719   Thumb Code   102  stm32h7xx_hal_fdcan.o(i.HAL_FDCAN_AddMessageToTxFifoQ)
    HAL_FDCAN_ClockCalibrationCallback       0x0800277f   Thumb Code     2  stm32h7xx_hal_fdcan.o(i.HAL_FDCAN_ClockCalibrationCallback)
    HAL_FDCAN_ConfigFilter                   0x08002781   Thumb Code   126  stm32h7xx_hal_fdcan.o(i.HAL_FDCAN_ConfigFilter)
    HAL_FDCAN_ErrorCallback                  0x080027ff   Thumb Code     2  stm32h7xx_hal_fdcan.o(i.HAL_FDCAN_ErrorCallback)
    HAL_FDCAN_ErrorStatusCallback            0x08002801   Thumb Code     2  stm32h7xx_hal_fdcan.o(i.HAL_FDCAN_ErrorStatusCallback)
    HAL_FDCAN_GetRxMessage                   0x08002805   Thumb Code   392  stm32h7xx_hal_fdcan.o(i.HAL_FDCAN_GetRxMessage)
    HAL_FDCAN_HighPriorityMessageCallback    0x08002991   Thumb Code     2  stm32h7xx_hal_fdcan.o(i.HAL_FDCAN_HighPriorityMessageCallback)
    HAL_FDCAN_IRQHandler                     0x08002995   Thumb Code   788  stm32h7xx_hal_fdcan.o(i.HAL_FDCAN_IRQHandler)
    HAL_FDCAN_Init                           0x08002cb5   Thumb Code   572  stm32h7xx_hal_fdcan.o(i.HAL_FDCAN_Init)
    HAL_FDCAN_MspInit                        0x08002ef9   Thumb Code   300  fdcan.o(i.HAL_FDCAN_MspInit)
    HAL_FDCAN_RxBufferNewMessageCallback     0x0800303d   Thumb Code     2  stm32h7xx_hal_fdcan.o(i.HAL_FDCAN_RxBufferNewMessageCallback)
    HAL_FDCAN_RxFifo0Callback                0x08003041   Thumb Code    82  robotic_arm_motor_hal_stm32_port.o(i.HAL_FDCAN_RxFifo0Callback)
    HAL_FDCAN_RxFifo1Callback                0x08003099   Thumb Code    90  robotic_arm_motor_hal_stm32_port.o(i.HAL_FDCAN_RxFifo1Callback)
    HAL_FDCAN_Start                          0x080030f9   Thumb Code    50  stm32h7xx_hal_fdcan.o(i.HAL_FDCAN_Start)
    HAL_FDCAN_TT_GlobalTimeCallback          0x0800312b   Thumb Code     2  stm32h7xx_hal_fdcan.o(i.HAL_FDCAN_TT_GlobalTimeCallback)
    HAL_FDCAN_TT_ScheduleSyncCallback        0x0800312d   Thumb Code     2  stm32h7xx_hal_fdcan.o(i.HAL_FDCAN_TT_ScheduleSyncCallback)
    HAL_FDCAN_TT_StopWatchCallback           0x0800312f   Thumb Code     2  stm32h7xx_hal_fdcan.o(i.HAL_FDCAN_TT_StopWatchCallback)
    HAL_FDCAN_TT_TimeMarkCallback            0x08003131   Thumb Code     2  stm32h7xx_hal_fdcan.o(i.HAL_FDCAN_TT_TimeMarkCallback)
    HAL_FDCAN_TimeoutOccurredCallback        0x08003133   Thumb Code     2  stm32h7xx_hal_fdcan.o(i.HAL_FDCAN_TimeoutOccurredCallback)
    HAL_FDCAN_TimestampWraparoundCallback    0x08003135   Thumb Code     2  stm32h7xx_hal_fdcan.o(i.HAL_FDCAN_TimestampWraparoundCallback)
    HAL_FDCAN_TxBufferAbortCallback          0x08003137   Thumb Code     2  stm32h7xx_hal_fdcan.o(i.HAL_FDCAN_TxBufferAbortCallback)
    HAL_FDCAN_TxBufferCompleteCallback       0x08003139   Thumb Code     2  stm32h7xx_hal_fdcan.o(i.HAL_FDCAN_TxBufferCompleteCallback)
    HAL_FDCAN_TxEventFifoCallback            0x0800313b   Thumb Code     2  stm32h7xx_hal_fdcan.o(i.HAL_FDCAN_TxEventFifoCallback)
    HAL_FDCAN_TxFifoEmptyCallback            0x0800313d   Thumb Code     2  stm32h7xx_hal_fdcan.o(i.HAL_FDCAN_TxFifoEmptyCallback)
    HAL_GPIO_Init                            0x08003141   Thumb Code   496  stm32h7xx_hal_gpio.o(i.HAL_GPIO_Init)
    HAL_GPIO_WritePin                        0x0800335d   Thumb Code    10  stm32h7xx_hal_gpio.o(i.HAL_GPIO_WritePin)
    HAL_GetTick                              0x08003369   Thumb Code     6  stm32h7xx_hal.o(i.HAL_GetTick)
    HAL_IncTick                              0x08003375   Thumb Code    12  stm32h7xx_hal.o(i.HAL_IncTick)
    HAL_Init                                 0x08003385   Thumb Code    74  stm32h7xx_hal.o(i.HAL_Init)
    HAL_InitTick                             0x080033e1   Thumb Code   120  stm32h7xx_hal_timebase_tim.o(i.HAL_InitTick)
    HAL_MspInit                              0x0800346d   Thumb Code    22  stm32h7xx_hal_msp.o(i.HAL_MspInit)
    HAL_NVIC_EnableIRQ                       0x08003489   Thumb Code    26  stm32h7xx_hal_cortex.o(i.HAL_NVIC_EnableIRQ)
    HAL_NVIC_SetPriority                     0x080034a5   Thumb Code    60  stm32h7xx_hal_cortex.o(i.HAL_NVIC_SetPriority)
    HAL_NVIC_SetPriorityGrouping             0x080034e5   Thumb Code    28  stm32h7xx_hal_cortex.o(i.HAL_NVIC_SetPriorityGrouping)
    HAL_PWREx_ConfigSupply                   0x08003509   Thumb Code    78  stm32h7xx_hal_pwr_ex.o(i.HAL_PWREx_ConfigSupply)
    HAL_RCCEx_GetD3PCLK1Freq                 0x0800355d   Thumb Code    26  stm32h7xx_hal_rcc_ex.o(i.HAL_RCCEx_GetD3PCLK1Freq)
    HAL_RCCEx_GetPLL2ClockFreq               0x08003581   Thumb Code   296  stm32h7xx_hal_rcc_ex.o(i.HAL_RCCEx_GetPLL2ClockFreq)
    HAL_RCCEx_GetPLL3ClockFreq               0x080036c5   Thumb Code   296  stm32h7xx_hal_rcc_ex.o(i.HAL_RCCEx_GetPLL3ClockFreq)
    HAL_RCCEx_PeriphCLKConfig                0x08003809   Thumb Code  2362  stm32h7xx_hal_rcc_ex.o(i.HAL_RCCEx_PeriphCLKConfig)
    HAL_RCC_ClockConfig                      0x08004145   Thumb Code   580  stm32h7xx_hal_rcc.o(i.HAL_RCC_ClockConfig)
    HAL_RCC_GetClockConfig                   0x080043a1   Thumb Code    84  stm32h7xx_hal_rcc.o(i.HAL_RCC_GetClockConfig)
    HAL_RCC_GetHCLKFreq                      0x080043fd   Thumb Code    52  stm32h7xx_hal_rcc.o(i.HAL_RCC_GetHCLKFreq)
    HAL_RCC_GetPCLK1Freq                     0x08004441   Thumb Code    26  stm32h7xx_hal_rcc.o(i.HAL_RCC_GetPCLK1Freq)
    HAL_RCC_GetPCLK2Freq                     0x08004465   Thumb Code    26  stm32h7xx_hal_rcc.o(i.HAL_RCC_GetPCLK2Freq)
    HAL_RCC_GetSysClockFreq                  0x08004489   Thumb Code   278  stm32h7xx_hal_rcc.o(i.HAL_RCC_GetSysClockFreq)
    HAL_RCC_MCOConfig                        0x080045c1   Thumb Code   130  stm32h7xx_hal_rcc.o(i.HAL_RCC_MCOConfig)
    HAL_RCC_OscConfig                        0x08004655   Thumb Code  1318  stm32h7xx_hal_rcc.o(i.HAL_RCC_OscConfig)
    HAL_SPI_ErrorCallback                    0x08004b7b   Thumb Code     2  stm32h7xx_hal_spi.o(i.HAL_SPI_ErrorCallback)
    HAL_SPI_IRQHandler                       0x08004b7d   Thumb Code   536  stm32h7xx_hal_spi.o(i.HAL_SPI_IRQHandler)
    HAL_SPI_Init                             0x08004d99   Thumb Code   366  stm32h7xx_hal_spi.o(i.HAL_SPI_Init)
    HAL_SPI_MspInit                          0x08004f15   Thumb Code   262  spi.o(i.HAL_SPI_MspInit)
    HAL_SPI_RxCpltCallback                   0x08005035   Thumb Code     2  stm32h7xx_hal_spi.o(i.HAL_SPI_RxCpltCallback)
    HAL_SPI_SuspendCallback                  0x08005037   Thumb Code     2  stm32h7xx_hal_spi.o(i.HAL_SPI_SuspendCallback)
    HAL_SPI_TxCpltCallback                   0x08005039   Thumb Code     2  stm32h7xx_hal_spi.o(i.HAL_SPI_TxCpltCallback)
    HAL_SPI_TxRxCpltCallback                 0x0800503b   Thumb Code     2  stm32h7xx_hal_spi.o(i.HAL_SPI_TxRxCpltCallback)
    HAL_SYSCFG_AnalogSwitchConfig            0x0800503d   Thumb Code    12  stm32h7xx_hal.o(i.HAL_SYSCFG_AnalogSwitchConfig)
    HAL_TIMEx_Break2Callback                 0x0800504d   Thumb Code     2  stm32h7xx_hal_tim_ex.o(i.HAL_TIMEx_Break2Callback)
    HAL_TIMEx_BreakCallback                  0x0800504f   Thumb Code     2  stm32h7xx_hal_tim_ex.o(i.HAL_TIMEx_BreakCallback)
    HAL_TIMEx_CommutCallback                 0x08005051   Thumb Code     2  stm32h7xx_hal_tim_ex.o(i.HAL_TIMEx_CommutCallback)
    HAL_TIMEx_ConfigBreakDeadTime            0x08005055   Thumb Code   150  stm32h7xx_hal_tim_ex.o(i.HAL_TIMEx_ConfigBreakDeadTime)
    HAL_TIMEx_MasterConfigSynchronization    0x080050f5   Thumb Code   146  stm32h7xx_hal_tim_ex.o(i.HAL_TIMEx_MasterConfigSynchronization)
    HAL_TIM_Base_Init                        0x080051ad   Thumb Code    98  stm32h7xx_hal_tim.o(i.HAL_TIM_Base_Init)
    HAL_TIM_Base_MspInit                     0x0800520f   Thumb Code     2  stm32h7xx_hal_tim.o(i.HAL_TIM_Base_MspInit)
    HAL_TIM_Base_Start_IT                    0x08005211   Thumb Code   118  stm32h7xx_hal_tim.o(i.HAL_TIM_Base_Start_IT)
    HAL_TIM_IC_CaptureCallback               0x080052b1   Thumb Code     2  stm32h7xx_hal_tim.o(i.HAL_TIM_IC_CaptureCallback)
    HAL_TIM_IRQHandler                       0x080052b3   Thumb Code   328  stm32h7xx_hal_tim.o(i.HAL_TIM_IRQHandler)
    HAL_TIM_MspPostInit                      0x080053fd   Thumb Code   110  tim.o(i.HAL_TIM_MspPostInit)
    HAL_TIM_OC_DelayElapsedCallback          0x0800547d   Thumb Code     2  stm32h7xx_hal_tim.o(i.HAL_TIM_OC_DelayElapsedCallback)
    HAL_TIM_PWM_ConfigChannel                0x0800547f   Thumb Code   292  stm32h7xx_hal_tim.o(i.HAL_TIM_PWM_ConfigChannel)
    HAL_TIM_PWM_Init                         0x080055a3   Thumb Code    98  stm32h7xx_hal_tim.o(i.HAL_TIM_PWM_Init)
    HAL_TIM_PWM_MspInit                      0x08005605   Thumb Code    42  tim.o(i.HAL_TIM_PWM_MspInit)
    HAL_TIM_PWM_PulseFinishedCallback        0x08005639   Thumb Code     2  stm32h7xx_hal_tim.o(i.HAL_TIM_PWM_PulseFinishedCallback)
    HAL_TIM_PWM_Start                        0x0800563d   Thumb Code   244  stm32h7xx_hal_tim.o(i.HAL_TIM_PWM_Start)
    HAL_TIM_PeriodElapsedCallback            0x08005761   Thumb Code    14  main.o(i.HAL_TIM_PeriodElapsedCallback)
    HAL_TIM_TriggerCallback                  0x08005775   Thumb Code     2  stm32h7xx_hal_tim.o(i.HAL_TIM_TriggerCallback)
    HAL_UARTEx_DisableFifoMode               0x08005777   Thumb Code    64  stm32h7xx_hal_uart_ex.o(i.HAL_UARTEx_DisableFifoMode)
    HAL_UARTEx_ReceiveToIdle_DMA             0x080057b7   Thumb Code    74  stm32h7xx_hal_uart_ex.o(i.HAL_UARTEx_ReceiveToIdle_DMA)
    HAL_UARTEx_RxEventCallback               0x08005801   Thumb Code   360  robotic_arm_communication_hal_stm32_port.o(i.HAL_UARTEx_RxEventCallback)
    HAL_UARTEx_RxFifoFullCallback            0x0800599d   Thumb Code     2  stm32h7xx_hal_uart_ex.o(i.HAL_UARTEx_RxFifoFullCallback)
    HAL_UARTEx_SetRxFifoThreshold            0x0800599f   Thumb Code    76  stm32h7xx_hal_uart_ex.o(i.HAL_UARTEx_SetRxFifoThreshold)
    HAL_UARTEx_SetTxFifoThreshold            0x080059eb   Thumb Code    76  stm32h7xx_hal_uart_ex.o(i.HAL_UARTEx_SetTxFifoThreshold)
    HAL_UARTEx_TxFifoEmptyCallback           0x08005a37   Thumb Code     2  stm32h7xx_hal_uart_ex.o(i.HAL_UARTEx_TxFifoEmptyCallback)
    HAL_UARTEx_WakeupCallback                0x08005a39   Thumb Code     2  stm32h7xx_hal_uart_ex.o(i.HAL_UARTEx_WakeupCallback)
    HAL_UART_ErrorCallback                   0x08005a3b   Thumb Code     2  stm32h7xx_hal_uart.o(i.HAL_UART_ErrorCallback)
    HAL_UART_IRQHandler                      0x08005a3d   Thumb Code   898  stm32h7xx_hal_uart.o(i.HAL_UART_IRQHandler)
    HAL_UART_Init                            0x08005dd9   Thumb Code   106  stm32h7xx_hal_uart.o(i.HAL_UART_Init)
    HAL_UART_MspInit                         0x08005e45   Thumb Code   230  usart.o(i.HAL_UART_MspInit)
    HAL_UART_RxCpltCallback                  0x08005f41   Thumb Code     2  stm32h7xx_hal_uart.o(i.HAL_UART_RxCpltCallback)
    HAL_UART_RxHalfCpltCallback              0x08005f43   Thumb Code     2  stm32h7xx_hal_uart.o(i.HAL_UART_RxHalfCpltCallback)
    HAL_UART_TxCpltCallback                  0x08005f45   Thumb Code     2  stm32h7xx_hal_uart.o(i.HAL_UART_TxCpltCallback)
    HardFault_Handler                        0x08005f47   Thumb Code     2  stm32h7xx_it.o(i.HardFault_Handler)
    LFD01M_Motor_Control_Init                0x08005f49   Thumb Code    52  lfd01m_motor_driver.o(i.LFD01M_Motor_Control_Init)
    LFD01M_Motor_Handle_Update               0x08005f8d   Thumb Code    66  robotic_arm_control_api.o(i.LFD01M_Motor_Handle_Update)
    LFD01M_Motor_Set_Angle                   0x08005fd9   Thumb Code   132  lfd01m_motor_driver.o(i.LFD01M_Motor_Set_Angle)
    LK4005_Motor_Control_Init                0x0800606d   Thumb Code   216  lk4005_motor_driver.o(i.LK4005_Motor_Control_Init)
    LK4005_Motor_Handle_Update               0x08006175   Thumb Code   736  robotic_arm_control_api.o(i.LK4005_Motor_Handle_Update)
    LK4005_Motor_Position_Control            0x08006471   Thumb Code   114  lk4005_motor_driver.o(i.LK4005_Motor_Position_Control)
    LK4005_Motor_Read_Position               0x080064f5   Thumb Code    36  lk4005_motor_driver.o(i.LK4005_Motor_Read_Position)
    LK4005_Motor_Read_Velocity               0x08006519   Thumb Code    36  lk4005_motor_driver.o(i.LK4005_Motor_Read_Velocity)
    LK4005_Motor_Response_Data_Explain       0x0800653d   Thumb Code   224  lk4005_motor_driver.o(i.LK4005_Motor_Response_Data_Explain)
    LK4005_Motor_Torque_Control              0x08006631   Thumb Code   100  lk4005_motor_driver.o(i.LK4005_Motor_Torque_Control)
    MX_DMA_Init                              0x080066a9   Thumb Code    88  dma.o(i.MX_DMA_Init)
    MX_FDCAN1_Init                           0x08006705   Thumb Code   100  fdcan.o(i.MX_FDCAN1_Init)
    MX_FDCAN2_Init                           0x08006771   Thumb Code   108  fdcan.o(i.MX_FDCAN2_Init)
    MX_GPIO_Init                             0x080067e5   Thumb Code   180  gpio.o(i.MX_GPIO_Init)
    MX_SPI2_Init                             0x080068a5   Thumb Code    80  spi.o(i.MX_SPI2_Init)
    MX_TIM1_Init                             0x080068fd   Thumb Code   170  tim.o(i.MX_TIM1_Init)
    MX_TIM2_Init                             0x080069b1   Thumb Code   110  tim.o(i.MX_TIM2_Init)
    MX_USART1_UART_Init                      0x08006a25   Thumb Code    94  usart.o(i.MX_USART1_UART_Init)
    MemManage_Handler                        0x08006a8d   Thumb Code     2  stm32h7xx_it.o(i.MemManage_Handler)
    Motor_Control_Init                       0x08006a91   Thumb Code    30  robotic_arm_motor_hal_stm32_port.o(i.Motor_Control_Init)
    Motor_MIT_Control                        0x08006ab9   Thumb Code    84  control_algorithm.o(i.Motor_MIT_Control)
    NMI_Handler                              0x08006b11   Thumb Code     2  stm32h7xx_it.o(i.NMI_Handler)
    Normalize_Angle                          0x08006b15   Thumb Code    38  control_algorithm.o(i.Normalize_Angle)
    PendSV_Handler                           0x08006b41   Thumb Code     2  stm32h7xx_it.o(i.PendSV_Handler)
    Robotic_Arm_Control                      0x08006d85   Thumb Code   174  robotic_arm_control_api.o(i.Robotic_Arm_Control)
    Robotic_Arm_Control_Init                 0x08006e49   Thumb Code    62  robotic_arm_control_api.o(i.Robotic_Arm_Control_Init)
    SPI2_IRQHandler                          0x08006e8d   Thumb Code     6  stm32h7xx_it.o(i.SPI2_IRQHandler)
    SVC_Handler                              0x08006f6f   Thumb Code     2  stm32h7xx_it.o(i.SVC_Handler)
    Speed_Plan_Update                        0x08006f71   Thumb Code   686  control_algorithm.o(i.Speed_Plan_Update)
    SysTick_Handler                          0x0800722d   Thumb Code     2  stm32h7xx_it.o(i.SysTick_Handler)
    SystemClock_Config                       0x08007231   Thumb Code   160  main.o(i.SystemClock_Config)
    SystemInit                               0x080072d5   Thumb Code   184  system_stm32h7xx.o(i.SystemInit)
    TIM3_IRQHandler                          0x080073ad   Thumb Code     6  stm32h7xx_it.o(i.TIM3_IRQHandler)
    TIM_Base_SetConfig                       0x080073b9   Thumb Code   182  stm32h7xx_hal_tim.o(i.TIM_Base_SetConfig)
    TIM_CCxChannelCmd                        0x08007499   Thumb Code    26  stm32h7xx_hal_tim.o(i.TIM_CCxChannelCmd)
    TIM_OC2_SetConfig                        0x08007559   Thumb Code   126  stm32h7xx_hal_tim.o(i.TIM_OC2_SetConfig)
    UART_AdvFeatureConfig                    0x0800782d   Thumb Code   200  stm32h7xx_hal_uart.o(i.UART_AdvFeatureConfig)
    UART_CheckIdleState                      0x080078f5   Thumb Code   170  stm32h7xx_hal_uart.o(i.UART_CheckIdleState)
    UART_SetConfig                           0x08007b25   Thumb Code   914  stm32h7xx_hal_uart.o(i.UART_SetConfig)
    UART_Start_Receive_DMA                   0x08007f01   Thumb Code   156  stm32h7xx_hal_uart.o(i.UART_Start_Receive_DMA)
    UART_WaitOnFlagUntilTimeout              0x08007fa9   Thumb Code   148  stm32h7xx_hal_uart.o(i.UART_WaitOnFlagUntilTimeout)
    USART1_IRQHandler                        0x0800803d   Thumb Code     6  stm32h7xx_it.o(i.USART1_IRQHandler)
    Uint_To_Float                            0x08008049   Thumb Code    40  robotic_arm_motor_hal_stm32_port.o(i.Uint_To_Float)
    Upperarm_Gravity_Compensation            0x08008071   Thumb Code    64  control_algorithm.o(i.Upperarm_Gravity_Compensation)
    UsageFault_Handler                       0x080080bd   Thumb Code     2  stm32h7xx_it.o(i.UsageFault_Handler)
    __ARM_fpclassifyf                        0x080080bf   Thumb Code    38  fpclassifyf.o(i.__ARM_fpclassifyf)
    __hardfp_acosf                           0x08008109   Thumb Code   234  acosf.o(i.__hardfp_acosf)
    __hardfp_asinf                           0x0800822d   Thumb Code   258  asinf.o(i.__hardfp_asinf)
    __hardfp_atan2f                          0x08008365   Thumb Code   502  atan2f.o(i.__hardfp_atan2f)
    __hardfp_cosf                            0x080085bd   Thumb Code   276  cosf.o(i.__hardfp_cosf)
    __hardfp_floorf                          0x0800870d   Thumb Code   102  floorf.o(i.__hardfp_floorf)
    __hardfp_fmodf                           0x08008785   Thumb Code   176  fmodf.o(i.__hardfp_fmodf)
    __hardfp_powf                            0x08008835   Thumb Code  1590  powf.o(i.__hardfp_powf)
    __mathlib_powf                           0x08008835   Thumb Code     0  powf.o(i.__hardfp_powf)
    __hardfp_sinf                            0x08008e8d   Thumb Code   344  sinf.o(i.__hardfp_sinf)
    __hardfp_sqrtf                           0x08009021   Thumb Code    58  sqrtf.o(i.__hardfp_sqrtf)
    __mathlib_flt_divzero                    0x0800905d   Thumb Code    14  funder.o(i.__mathlib_flt_divzero)
    __mathlib_flt_infnan                     0x08009075   Thumb Code     6  funder.o(i.__mathlib_flt_infnan)
    __mathlib_flt_infnan2                    0x0800907b   Thumb Code     6  funder.o(i.__mathlib_flt_infnan2)
    __mathlib_flt_invalid                    0x08009081   Thumb Code    10  funder.o(i.__mathlib_flt_invalid)
    __mathlib_flt_overflow                   0x08009091   Thumb Code    10  funder.o(i.__mathlib_flt_overflow)
    __mathlib_flt_underflow                  0x080090a1   Thumb Code    10  funder.o(i.__mathlib_flt_underflow)
    __mathlib_rredf2                         0x080090b1   Thumb Code   316  rredf.o(i.__mathlib_rredf2)
    main                                     0x08009205   Thumb Code    50  main.o(i.main)
    sqrtf                                    0x08009237   Thumb Code    62  sqrtf.o(i.sqrtf)
    __aeabi_ul2f                             0x08009275   Thumb Code     0  ffltll_clz.o(x$fpl$ffltll)
    _ll_uto_f                                0x08009275   Thumb Code     6  ffltll_clz.o(x$fpl$ffltll)
    __aeabi_l2f                              0x0800927b   Thumb Code     0  ffltll_clz.o(x$fpl$ffltll)
    _ll_sto_f                                0x0800927b   Thumb Code    90  ffltll_clz.o(x$fpl$ffltll)
    __fpl_fnaninf                            0x080092d5   Thumb Code   140  fnaninf.o(x$fpl$fnaninf)
    _fp_init                                 0x08009361   Thumb Code    10  fpinit.o(x$fpl$fpinit)
    __fplib_config_fpu_vfp                   0x08009369   Thumb Code     0  fpinit.o(x$fpl$fpinit)
    __fplib_config_pureend_doubles           0x08009369   Thumb Code     0  fpinit.o(x$fpl$fpinit)
    _frem                                    0x0800936d   Thumb Code   240  frem_clz.o(x$fpl$frem)
    __I$use$fp                               0x08009460   Number         0  usenofp.o(x$fpl$usenofp)
    UARTPrescTable                           0x080094c4   Data          24  stm32h7xx_hal_uart.o(.constdata)
    D1CorePrescTable                         0x080094ec   Data          16  system_stm32h7xx.o(.constdata)
    Region$$Table$$Base                      0x0800965c   Number         0  anon$$obj.o(Region$$Table)
    Region$$Table$$Limit                     0x0800967c   Number         0  anon$$obj.o(Region$$Table)
    uwTickFreq                               0x24000004   Data           1  stm32h7xx_hal.o(.data)
    uwTickPrio                               0x24000008   Data           4  stm32h7xx_hal.o(.data)
    uwTick                                   0x2400000c   Data           4  stm32h7xx_hal.o(.data)
    SystemCoreClock                          0x24000010   Data           4  system_stm32h7xx.o(.data)
    SystemD2Clock                            0x24000014   Data           4  system_stm32h7xx.o(.data)
    Position_Temp                            0x2400001c   Data           4  lk4005_motor_driver.o(.data)
    hfdcan1                                  0x24000020   Data         160  fdcan.o(.bss)
    hfdcan2                                  0x240000c0   Data         160  fdcan.o(.bss)
    hspi2                                    0x24000160   Data         136  spi.o(.bss)
    hdma_spi2_rx                             0x240001e8   Data         120  spi.o(.bss)
    hdma_spi2_tx                             0x24000260   Data         120  spi.o(.bss)
    htim1                                    0x240002d8   Data          76  tim.o(.bss)
    htim2                                    0x24000324   Data          76  tim.o(.bss)
    huart1                                   0x24000370   Data         148  usart.o(.bss)
    hdma_usart1_rx                           0x24000404   Data         120  usart.o(.bss)
    hdma_usart1_tx                           0x2400047c   Data         120  usart.o(.bss)
    htim3                                    0x240004f4   Data          76  stm32h7xx_hal_timebase_tim.o(.bss)
    Usart_Used0_Rx_Buff                      0x24000540   Data          10  robotic_arm_communication_hal_stm32_port.o(.bss)
    LFD01M_Motor_Handle                      0x2400054c   Data          32  lfd01m_motor_driver.o(.bss)
    DMJ4310_Motor_Handle                     0x24000570   Data         128  dmj4310_motor_driver.o(.bss)
    LK4005_Motor_Handle                      0x240005f0   Data         336  lk4005_motor_driver.o(.bss)
    __libspace_start                         0x24000740   Data          96  libspace.o(.bss)
    __temporary_stack_top$libspace           0x240007a0   Data           0  libspace.o(.bss)



==============================================================================

Memory Map of the image

  Image Entry point : 0x080002cd

  Load Region LR_IROM1 (Base: 0x08000000, Size: 0x0000969c, Max: 0x00100000, ABSOLUTE)

    Execution Region ER_IROM1 (Exec base: 0x08000000, Load base: 0x08000000, Size: 0x0000967c, Max: 0x00100000, ABSOLUTE)

    Exec Addr    Load Addr    Size         Type   Attr      Idx    E Section Name        Object

    0x08000000   0x08000000   0x000002cc   Data   RO            3    RESET               startup_stm32h723xx.o
    0x080002cc   0x080002cc   0x00000008   Code   RO         6183  * !!!main             c_w.l(__main.o)
    0x080002d4   0x080002d4   0x00000034   Code   RO         6489    !!!scatter          c_w.l(__scatter.o)
    0x08000308   0x08000308   0x0000001a   Code   RO         6491    !!handler_copy      c_w.l(__scatter_copy.o)
    0x08000322   0x08000322   0x00000002   PAD
    0x08000324   0x08000324   0x0000001c   Code   RO         6493    !!handler_zi        c_w.l(__scatter_zi.o)
    0x08000340   0x08000340   0x00000002   Code   RO         6362    .ARM.Collect$$libinit$$00000000  c_w.l(libinit.o)
    0x08000342   0x08000342   0x00000004   Code   RO         6371    .ARM.Collect$$libinit$$00000001  c_w.l(libinit2.o)
    0x08000346   0x08000346   0x00000000   Code   RO         6374    .ARM.Collect$$libinit$$00000004  c_w.l(libinit2.o)
    0x08000346   0x08000346   0x00000000   Code   RO         6377    .ARM.Collect$$libinit$$0000000A  c_w.l(libinit2.o)
    0x08000346   0x08000346   0x00000000   Code   RO         6379    .ARM.Collect$$libinit$$0000000C  c_w.l(libinit2.o)
    0x08000346   0x08000346   0x00000000   Code   RO         6381    .ARM.Collect$$libinit$$0000000E  c_w.l(libinit2.o)
    0x08000346   0x08000346   0x00000000   Code   RO         6384    .ARM.Collect$$libinit$$00000011  c_w.l(libinit2.o)
    0x08000346   0x08000346   0x00000000   Code   RO         6386    .ARM.Collect$$libinit$$00000013  c_w.l(libinit2.o)
    0x08000346   0x08000346   0x00000000   Code   RO         6388    .ARM.Collect$$libinit$$00000015  c_w.l(libinit2.o)
    0x08000346   0x08000346   0x00000000   Code   RO         6390    .ARM.Collect$$libinit$$00000017  c_w.l(libinit2.o)
    0x08000346   0x08000346   0x00000000   Code   RO         6392    .ARM.Collect$$libinit$$00000019  c_w.l(libinit2.o)
    0x08000346   0x08000346   0x00000000   Code   RO         6394    .ARM.Collect$$libinit$$0000001B  c_w.l(libinit2.o)
    0x08000346   0x08000346   0x00000000   Code   RO         6396    .ARM.Collect$$libinit$$0000001D  c_w.l(libinit2.o)
    0x08000346   0x08000346   0x00000000   Code   RO         6398    .ARM.Collect$$libinit$$0000001F  c_w.l(libinit2.o)
    0x08000346   0x08000346   0x00000000   Code   RO         6400    .ARM.Collect$$libinit$$00000021  c_w.l(libinit2.o)
    0x08000346   0x08000346   0x00000000   Code   RO         6402    .ARM.Collect$$libinit$$00000023  c_w.l(libinit2.o)
    0x08000346   0x08000346   0x00000000   Code   RO         6404    .ARM.Collect$$libinit$$00000025  c_w.l(libinit2.o)
    0x08000346   0x08000346   0x00000000   Code   RO         6408    .ARM.Collect$$libinit$$0000002C  c_w.l(libinit2.o)
    0x08000346   0x08000346   0x00000000   Code   RO         6410    .ARM.Collect$$libinit$$0000002E  c_w.l(libinit2.o)
    0x08000346   0x08000346   0x00000000   Code   RO         6412    .ARM.Collect$$libinit$$00000030  c_w.l(libinit2.o)
    0x08000346   0x08000346   0x00000000   Code   RO         6414    .ARM.Collect$$libinit$$00000032  c_w.l(libinit2.o)
    0x08000346   0x08000346   0x00000002   Code   RO         6415    .ARM.Collect$$libinit$$00000033  c_w.l(libinit2.o)
    0x08000348   0x08000348   0x00000002   Code   RO         6446    .ARM.Collect$$libshutdown$$00000000  c_w.l(libshutdown.o)
    0x0800034a   0x0800034a   0x00000000   Code   RO         6472    .ARM.Collect$$libshutdown$$00000002  c_w.l(libshutdown2.o)
    0x0800034a   0x0800034a   0x00000000   Code   RO         6474    .ARM.Collect$$libshutdown$$00000004  c_w.l(libshutdown2.o)
    0x0800034a   0x0800034a   0x00000000   Code   RO         6477    .ARM.Collect$$libshutdown$$00000007  c_w.l(libshutdown2.o)
    0x0800034a   0x0800034a   0x00000000   Code   RO         6480    .ARM.Collect$$libshutdown$$0000000A  c_w.l(libshutdown2.o)
    0x0800034a   0x0800034a   0x00000000   Code   RO         6482    .ARM.Collect$$libshutdown$$0000000C  c_w.l(libshutdown2.o)
    0x0800034a   0x0800034a   0x00000000   Code   RO         6485    .ARM.Collect$$libshutdown$$0000000F  c_w.l(libshutdown2.o)
    0x0800034a   0x0800034a   0x00000002   Code   RO         6486    .ARM.Collect$$libshutdown$$00000010  c_w.l(libshutdown2.o)
    0x0800034c   0x0800034c   0x00000000   Code   RO         6291    .ARM.Collect$$rtentry$$00000000  c_w.l(__rtentry.o)
    0x0800034c   0x0800034c   0x00000000   Code   RO         6323    .ARM.Collect$$rtentry$$00000002  c_w.l(__rtentry2.o)
    0x0800034c   0x0800034c   0x00000006   Code   RO         6335    .ARM.Collect$$rtentry$$00000004  c_w.l(__rtentry4.o)
    0x08000352   0x08000352   0x00000000   Code   RO         6325    .ARM.Collect$$rtentry$$00000009  c_w.l(__rtentry2.o)
    0x08000352   0x08000352   0x00000004   Code   RO         6326    .ARM.Collect$$rtentry$$0000000A  c_w.l(__rtentry2.o)
    0x08000356   0x08000356   0x00000000   Code   RO         6328    .ARM.Collect$$rtentry$$0000000C  c_w.l(__rtentry2.o)
    0x08000356   0x08000356   0x00000008   Code   RO         6329    .ARM.Collect$$rtentry$$0000000D  c_w.l(__rtentry2.o)
    0x0800035e   0x0800035e   0x00000002   Code   RO         6363    .ARM.Collect$$rtexit$$00000000  c_w.l(rtexit.o)
    0x08000360   0x08000360   0x00000000   Code   RO         6419    .ARM.Collect$$rtexit$$00000002  c_w.l(rtexit2.o)
    0x08000360   0x08000360   0x00000004   Code   RO         6420    .ARM.Collect$$rtexit$$00000003  c_w.l(rtexit2.o)
    0x08000364   0x08000364   0x00000006   Code   RO         6421    .ARM.Collect$$rtexit$$00000004  c_w.l(rtexit2.o)
    0x0800036a   0x0800036a   0x00000002   PAD
    0x0800036c   0x0800036c   0x00000048   Code   RO            4    .text               startup_stm32h723xx.o
    0x080003b4   0x080003b4   0x000000ee   Code   RO         6175    .text               c_w.l(lludivv7m.o)
    0x080004a2   0x080004a2   0x00000064   Code   RO         6177    .text               c_w.l(rt_memcpy_w.o)
    0x08000506   0x08000506   0x0000004e   Code   RO         6179    .text               c_w.l(rt_memclr_w.o)
    0x08000554   0x08000554   0x00000006   Code   RO         6181    .text               c_w.l(heapauxi.o)
    0x0800055a   0x0800055a   0x00000016   Code   RO         6296    .text               c_w.l(_rserrno.o)
    0x08000570   0x08000570   0x00000008   Code   RO         6342    .text               c_w.l(rt_errno_addr_intlibspace.o)
    0x08000578   0x08000578   0x00000008   Code   RO         6346    .text               c_w.l(libspace.o)
    0x08000580   0x08000580   0x0000004a   Code   RO         6349    .text               c_w.l(sys_stackheap_outer.o)
    0x080005ca   0x080005ca   0x00000012   Code   RO         6351    .text               c_w.l(exit.o)
    0x080005dc   0x080005dc   0x0000000c   Code   RO         6416    .text               c_w.l(sys_exit.o)
    0x080005e8   0x080005e8   0x00000002   Code   RO         6435    .text               c_w.l(use_no_semi.o)
    0x080005ea   0x080005ea   0x00000000   Code   RO         6437    .text               c_w.l(indicate_semi.o)
    0x080005ea   0x080005ea   0x00000002   Code   RO          583    i.BusFault_Handler  stm32h7xx_it.o
    0x080005ec   0x080005ec   0x00000014   Code   RO         5867    i.Communication_Usart_Init  robotic_arm_communication_hal_stm32_port.o
    0x08000600   0x08000600   0x000001d0   Code   RO         5915    i.Coordinate_Inverse_Settlement  control_algorithm.o
    0x080007d0   0x080007d0   0x0000000c   Code   RO          584    i.DMA1_Stream0_IRQHandler  stm32h7xx_it.o
    0x080007dc   0x080007dc   0x0000000c   Code   RO          585    i.DMA1_Stream1_IRQHandler  stm32h7xx_it.o
    0x080007e8   0x080007e8   0x0000000c   Code   RO          586    i.DMA1_Stream2_IRQHandler  stm32h7xx_it.o
    0x080007f4   0x080007f4   0x0000000c   Code   RO          587    i.DMA1_Stream3_IRQHandler  stm32h7xx_it.o
    0x08000800   0x08000800   0x000000b4   Code   RO         2580    i.DMA_CalcBaseAndBitshift  stm32h7xx_hal_dma.o
    0x080008b4   0x080008b4   0x0000009c   Code   RO         2581    i.DMA_CalcDMAMUXChannelBaseAndMask  stm32h7xx_hal_dma.o
    0x08000950   0x08000950   0x00000074   Code   RO         2582    i.DMA_CalcDMAMUXRequestGenBaseAndMask  stm32h7xx_hal_dma.o
    0x080009c4   0x080009c4   0x00000054   Code   RO         2583    i.DMA_CheckFifoParam  stm32h7xx_hal_dma.o
    0x08000a18   0x08000a18   0x00000220   Code   RO         2584    i.DMA_SetConfig     stm32h7xx_hal_dma.o
    0x08000c38   0x08000c38   0x0000008c   Code   RO         6022    i.DMJ4310_Motor_Control_Init  dmj4310_motor_driver.o
    0x08000cc4   0x08000cc4   0x0000003a   Code   RO         6023    i.DMJ4310_Motor_Enable  dmj4310_motor_driver.o
    0x08000cfe   0x08000cfe   0x00000002   PAD
    0x08000d00   0x08000d00   0x00000184   Code   RO         5749    i.DMJ4310_Motor_Handle_Update  robotic_arm_control_api.o
    0x08000e84   0x08000e84   0x000000cc   Code   RO         6024    i.DMJ4310_Motor_MIT_Control  dmj4310_motor_driver.o
    0x08000f50   0x08000f50   0x0000008a   Code   RO         6025    i.DMJ4310_Motor_Response_Data_Explain  dmj4310_motor_driver.o
    0x08000fda   0x08000fda   0x00000002   Code   RO          588    i.DebugMon_Handler  stm32h7xx_it.o
    0x08000fdc   0x08000fdc   0x00000004   Code   RO           13    i.Error_Handler     main.o
    0x08000fe0   0x08000fe0   0x0000001c   Code   RO         5706    i.ExitRun0Mode      system_stm32h7xx.o
    0x08000ffc   0x08000ffc   0x0000000c   Code   RO          589    i.FDCAN1_IT0_IRQHandler  stm32h7xx_it.o
    0x08001008   0x08001008   0x0000000c   Code   RO          590    i.FDCAN1_IT1_IRQHandler  stm32h7xx_it.o
    0x08001014   0x08001014   0x0000000c   Code   RO          591    i.FDCAN2_IT0_IRQHandler  stm32h7xx_it.o
    0x08001020   0x08001020   0x0000000c   Code   RO          592    i.FDCAN2_IT1_IRQHandler  stm32h7xx_it.o
    0x0800102c   0x0800102c   0x000001c8   Code   RO         4221    i.FDCAN_CalcultateRamBlockAddresses  stm32h7xx_hal_fdcan.o
    0x080011f4   0x080011f4   0x0000006c   Code   RO         4222    i.FDCAN_CopyMessageToRAM  stm32h7xx_hal_fdcan.o
    0x08001260   0x08001260   0x0000007a   Code   RO         5809    i.FDCAN_Send_Standard  robotic_arm_motor_hal_stm32_port.o
    0x080012da   0x080012da   0x00000048   Code   RO         5810    i.Float_To_Uint     robotic_arm_motor_hal_stm32_port.o
    0x08001322   0x08001322   0x00000002   PAD
    0x08001324   0x08001324   0x00000024   Code   RO         5917    i.Forearm_Gravity_Compensation  control_algorithm.o
    0x08001348   0x08001348   0x00000360   Code   RO         2585    i.HAL_DMA_Abort     stm32h7xx_hal_dma.o
    0x080016a8   0x080016a8   0x00000284   Code   RO         2586    i.HAL_DMA_Abort_IT  stm32h7xx_hal_dma.o
    0x0800192c   0x0800192c   0x000006e8   Code   RO         2590    i.HAL_DMA_IRQHandler  stm32h7xx_hal_dma.o
    0x08002014   0x08002014   0x000003bc   Code   RO         2591    i.HAL_DMA_Init      stm32h7xx_hal_dma.o
    0x080023d0   0x080023d0   0x0000029c   Code   RO         2595    i.HAL_DMA_Start_IT  stm32h7xx_hal_dma.o
    0x0800266c   0x0800266c   0x00000024   Code   RO         3282    i.HAL_Delay         stm32h7xx_hal.o
    0x08002690   0x08002690   0x00000088   Code   RO         4224    i.HAL_FDCAN_ActivateNotification  stm32h7xx_hal_fdcan.o
    0x08002718   0x08002718   0x00000066   Code   RO         4226    i.HAL_FDCAN_AddMessageToTxFifoQ  stm32h7xx_hal_fdcan.o
    0x0800277e   0x0800277e   0x00000002   Code   RO         4227    i.HAL_FDCAN_ClockCalibrationCallback  stm32h7xx_hal_fdcan.o
    0x08002780   0x08002780   0x0000007e   Code   RO         4231    i.HAL_FDCAN_ConfigFilter  stm32h7xx_hal_fdcan.o
    0x080027fe   0x080027fe   0x00000002   Code   RO         4253    i.HAL_FDCAN_ErrorCallback  stm32h7xx_hal_fdcan.o
    0x08002800   0x08002800   0x00000002   Code   RO         4254    i.HAL_FDCAN_ErrorStatusCallback  stm32h7xx_hal_fdcan.o
    0x08002802   0x08002802   0x00000002   PAD
    0x08002804   0x08002804   0x0000018c   Code   RO         4265    i.HAL_FDCAN_GetRxMessage  stm32h7xx_hal_fdcan.o
    0x08002990   0x08002990   0x00000002   Code   RO         4271    i.HAL_FDCAN_HighPriorityMessageCallback  stm32h7xx_hal_fdcan.o
    0x08002992   0x08002992   0x00000002   PAD
    0x08002994   0x08002994   0x00000320   Code   RO         4272    i.HAL_FDCAN_IRQHandler  stm32h7xx_hal_fdcan.o
    0x08002cb4   0x08002cb4   0x00000244   Code   RO         4273    i.HAL_FDCAN_Init    stm32h7xx_hal_fdcan.o
    0x08002ef8   0x08002ef8   0x00000144   Code   RO          397    i.HAL_FDCAN_MspInit  fdcan.o
    0x0800303c   0x0800303c   0x00000002   Code   RO         4282    i.HAL_FDCAN_RxBufferNewMessageCallback  stm32h7xx_hal_fdcan.o
    0x0800303e   0x0800303e   0x00000002   PAD
    0x08003040   0x08003040   0x00000058   Code   RO         5811    i.HAL_FDCAN_RxFifo0Callback  robotic_arm_motor_hal_stm32_port.o
    0x08003098   0x08003098   0x00000060   Code   RO         5812    i.HAL_FDCAN_RxFifo1Callback  robotic_arm_motor_hal_stm32_port.o
    0x080030f8   0x080030f8   0x00000032   Code   RO         4285    i.HAL_FDCAN_Start   stm32h7xx_hal_fdcan.o
    0x0800312a   0x0800312a   0x00000002   Code   RO         4307    i.HAL_FDCAN_TT_GlobalTimeCallback  stm32h7xx_hal_fdcan.o
    0x0800312c   0x0800312c   0x00000002   Code   RO         4308    i.HAL_FDCAN_TT_ScheduleSyncCallback  stm32h7xx_hal_fdcan.o
    0x0800312e   0x0800312e   0x00000002   Code   RO         4313    i.HAL_FDCAN_TT_StopWatchCallback  stm32h7xx_hal_fdcan.o
    0x08003130   0x08003130   0x00000002   Code   RO         4314    i.HAL_FDCAN_TT_TimeMarkCallback  stm32h7xx_hal_fdcan.o
    0x08003132   0x08003132   0x00000002   Code   RO         4315    i.HAL_FDCAN_TimeoutOccurredCallback  stm32h7xx_hal_fdcan.o
    0x08003134   0x08003134   0x00000002   Code   RO         4316    i.HAL_FDCAN_TimestampWraparoundCallback  stm32h7xx_hal_fdcan.o
    0x08003136   0x08003136   0x00000002   Code   RO         4317    i.HAL_FDCAN_TxBufferAbortCallback  stm32h7xx_hal_fdcan.o
    0x08003138   0x08003138   0x00000002   Code   RO         4318    i.HAL_FDCAN_TxBufferCompleteCallback  stm32h7xx_hal_fdcan.o
    0x0800313a   0x0800313a   0x00000002   Code   RO         4319    i.HAL_FDCAN_TxEventFifoCallback  stm32h7xx_hal_fdcan.o
    0x0800313c   0x0800313c   0x00000002   Code   RO         4320    i.HAL_FDCAN_TxFifoEmptyCallback  stm32h7xx_hal_fdcan.o
    0x0800313e   0x0800313e   0x00000002   PAD
    0x08003140   0x08003140   0x0000021c   Code   RO         2433    i.HAL_GPIO_Init     stm32h7xx_hal_gpio.o
    0x0800335c   0x0800335c   0x0000000a   Code   RO         2437    i.HAL_GPIO_WritePin  stm32h7xx_hal_gpio.o
    0x08003366   0x08003366   0x00000002   PAD
    0x08003368   0x08003368   0x0000000c   Code   RO         3298    i.HAL_GetTick       stm32h7xx_hal.o
    0x08003374   0x08003374   0x00000010   Code   RO         3304    i.HAL_IncTick       stm32h7xx_hal.o
    0x08003384   0x08003384   0x0000005c   Code   RO         3305    i.HAL_Init          stm32h7xx_hal.o
    0x080033e0   0x080033e0   0x0000008c   Code   RO          749    i.HAL_InitTick      stm32h7xx_hal_timebase_tim.o
    0x0800346c   0x0800346c   0x0000001c   Code   RO          725    i.HAL_MspInit       stm32h7xx_hal_msp.o
    0x08003488   0x08003488   0x0000001a   Code   RO         1815    i.HAL_NVIC_EnableIRQ  stm32h7xx_hal_cortex.o
    0x080034a2   0x080034a2   0x00000002   PAD
    0x080034a4   0x080034a4   0x00000040   Code   RO         1821    i.HAL_NVIC_SetPriority  stm32h7xx_hal_cortex.o
    0x080034e4   0x080034e4   0x00000024   Code   RO         1822    i.HAL_NVIC_SetPriorityGrouping  stm32h7xx_hal_cortex.o
    0x08003508   0x08003508   0x00000054   Code   RO         3034    i.HAL_PWREx_ConfigSupply  stm32h7xx_hal_pwr_ex.o
    0x0800355c   0x0800355c   0x00000024   Code   RO         2076    i.HAL_RCCEx_GetD3PCLK1Freq  stm32h7xx_hal_rcc_ex.o
    0x08003580   0x08003580   0x00000144   Code   RO         2078    i.HAL_RCCEx_GetPLL2ClockFreq  stm32h7xx_hal_rcc_ex.o
    0x080036c4   0x080036c4   0x00000144   Code   RO         2079    i.HAL_RCCEx_GetPLL3ClockFreq  stm32h7xx_hal_rcc_ex.o
    0x08003808   0x08003808   0x0000093a   Code   RO         2085    i.HAL_RCCEx_PeriphCLKConfig  stm32h7xx_hal_rcc_ex.o
    0x08004142   0x08004142   0x00000002   PAD
    0x08004144   0x08004144   0x0000025c   Code   RO         1961    i.HAL_RCC_ClockConfig  stm32h7xx_hal_rcc.o
    0x080043a0   0x080043a0   0x0000005c   Code   RO         1965    i.HAL_RCC_GetClockConfig  stm32h7xx_hal_rcc.o
    0x080043fc   0x080043fc   0x00000044   Code   RO         1966    i.HAL_RCC_GetHCLKFreq  stm32h7xx_hal_rcc.o
    0x08004440   0x08004440   0x00000024   Code   RO         1968    i.HAL_RCC_GetPCLK1Freq  stm32h7xx_hal_rcc.o
    0x08004464   0x08004464   0x00000024   Code   RO         1969    i.HAL_RCC_GetPCLK2Freq  stm32h7xx_hal_rcc.o
    0x08004488   0x08004488   0x00000138   Code   RO         1970    i.HAL_RCC_GetSysClockFreq  stm32h7xx_hal_rcc.o
    0x080045c0   0x080045c0   0x00000094   Code   RO         1971    i.HAL_RCC_MCOConfig  stm32h7xx_hal_rcc.o
    0x08004654   0x08004654   0x00000526   Code   RO         1973    i.HAL_RCC_OscConfig  stm32h7xx_hal_rcc.o
    0x08004b7a   0x08004b7a   0x00000002   Code   RO         4846    i.HAL_SPI_ErrorCallback  stm32h7xx_hal_spi.o
    0x08004b7c   0x08004b7c   0x0000021c   Code   RO         4849    i.HAL_SPI_IRQHandler  stm32h7xx_hal_spi.o
    0x08004d98   0x08004d98   0x0000017c   Code   RO         4850    i.HAL_SPI_Init      stm32h7xx_hal_spi.o
    0x08004f14   0x08004f14   0x00000120   Code   RO          446    i.HAL_SPI_MspInit   spi.o
    0x08005034   0x08005034   0x00000002   Code   RO         4856    i.HAL_SPI_RxCpltCallback  stm32h7xx_hal_spi.o
    0x08005036   0x08005036   0x00000002   Code   RO         4858    i.HAL_SPI_SuspendCallback  stm32h7xx_hal_spi.o
    0x08005038   0x08005038   0x00000002   Code   RO         4865    i.HAL_SPI_TxCpltCallback  stm32h7xx_hal_spi.o
    0x0800503a   0x0800503a   0x00000002   Code   RO         4867    i.HAL_SPI_TxRxCpltCallback  stm32h7xx_hal_spi.o
    0x0800503c   0x0800503c   0x00000010   Code   RO         3312    i.HAL_SYSCFG_AnalogSwitchConfig  stm32h7xx_hal.o
    0x0800504c   0x0800504c   0x00000002   Code   RO         1504    i.HAL_TIMEx_Break2Callback  stm32h7xx_hal_tim_ex.o
    0x0800504e   0x0800504e   0x00000002   Code   RO         1505    i.HAL_TIMEx_BreakCallback  stm32h7xx_hal_tim_ex.o
    0x08005050   0x08005050   0x00000002   Code   RO         1506    i.HAL_TIMEx_CommutCallback  stm32h7xx_hal_tim_ex.o
    0x08005052   0x08005052   0x00000002   PAD
    0x08005054   0x08005054   0x000000a0   Code   RO         1508    i.HAL_TIMEx_ConfigBreakDeadTime  stm32h7xx_hal_tim_ex.o
    0x080050f4   0x080050f4   0x000000b8   Code   RO         1527    i.HAL_TIMEx_MasterConfigSynchronization  stm32h7xx_hal_tim_ex.o
    0x080051ac   0x080051ac   0x00000062   Code   RO          790    i.HAL_TIM_Base_Init  stm32h7xx_hal_tim.o
    0x0800520e   0x0800520e   0x00000002   Code   RO          792    i.HAL_TIM_Base_MspInit  stm32h7xx_hal_tim.o
    0x08005210   0x08005210   0x000000a0   Code   RO          795    i.HAL_TIM_Base_Start_IT  stm32h7xx_hal_tim.o
    0x080052b0   0x080052b0   0x00000002   Code   RO          824    i.HAL_TIM_IC_CaptureCallback  stm32h7xx_hal_tim.o
    0x080052b2   0x080052b2   0x00000148   Code   RO          838    i.HAL_TIM_IRQHandler  stm32h7xx_hal_tim.o
    0x080053fa   0x080053fa   0x00000002   PAD
    0x080053fc   0x080053fc   0x00000080   Code   RO          487    i.HAL_TIM_MspPostInit  tim.o
    0x0800547c   0x0800547c   0x00000002   Code   RO          841    i.HAL_TIM_OC_DelayElapsedCallback  stm32h7xx_hal_tim.o
    0x0800547e   0x0800547e   0x00000124   Code   RO          862    i.HAL_TIM_PWM_ConfigChannel  stm32h7xx_hal_tim.o
    0x080055a2   0x080055a2   0x00000062   Code   RO          865    i.HAL_TIM_PWM_Init  stm32h7xx_hal_tim.o
    0x08005604   0x08005604   0x00000034   Code   RO          489    i.HAL_TIM_PWM_MspInit  tim.o
    0x08005638   0x08005638   0x00000002   Code   RO          868    i.HAL_TIM_PWM_PulseFinishedCallback  stm32h7xx_hal_tim.o
    0x0800563a   0x0800563a   0x00000002   PAD
    0x0800563c   0x0800563c   0x00000124   Code   RO          870    i.HAL_TIM_PWM_Start  stm32h7xx_hal_tim.o
    0x08005760   0x08005760   0x00000014   Code   RO           14    i.HAL_TIM_PeriodElapsedCallback  main.o
    0x08005774   0x08005774   0x00000002   Code   RO          881    i.HAL_TIM_TriggerCallback  stm32h7xx_hal_tim.o
    0x08005776   0x08005776   0x00000040   Code   RO         5588    i.HAL_UARTEx_DisableFifoMode  stm32h7xx_hal_uart_ex.o
    0x080057b6   0x080057b6   0x0000004a   Code   RO         5594    i.HAL_UARTEx_ReceiveToIdle_DMA  stm32h7xx_hal_uart_ex.o
    0x08005800   0x08005800   0x0000019c   Code   RO         5868    i.HAL_UARTEx_RxEventCallback  robotic_arm_communication_hal_stm32_port.o
    0x0800599c   0x0800599c   0x00000002   Code   RO         5596    i.HAL_UARTEx_RxFifoFullCallback  stm32h7xx_hal_uart_ex.o
    0x0800599e   0x0800599e   0x0000004c   Code   RO         5597    i.HAL_UARTEx_SetRxFifoThreshold  stm32h7xx_hal_uart_ex.o
    0x080059ea   0x080059ea   0x0000004c   Code   RO         5598    i.HAL_UARTEx_SetTxFifoThreshold  stm32h7xx_hal_uart_ex.o
    0x08005a36   0x08005a36   0x00000002   Code   RO         5600    i.HAL_UARTEx_TxFifoEmptyCallback  stm32h7xx_hal_uart_ex.o
    0x08005a38   0x08005a38   0x00000002   Code   RO         5601    i.HAL_UARTEx_WakeupCallback  stm32h7xx_hal_uart_ex.o
    0x08005a3a   0x08005a3a   0x00000002   Code   RO         5193    i.HAL_UART_ErrorCallback  stm32h7xx_hal_uart.o
    0x08005a3c   0x08005a3c   0x0000039c   Code   RO         5196    i.HAL_UART_IRQHandler  stm32h7xx_hal_uart.o
    0x08005dd8   0x08005dd8   0x0000006a   Code   RO         5197    i.HAL_UART_Init     stm32h7xx_hal_uart.o
    0x08005e42   0x08005e42   0x00000002   PAD
    0x08005e44   0x08005e44   0x000000fc   Code   RO          542    i.HAL_UART_MspInit  usart.o
    0x08005f40   0x08005f40   0x00000002   Code   RO         5204    i.HAL_UART_RxCpltCallback  stm32h7xx_hal_uart.o
    0x08005f42   0x08005f42   0x00000002   Code   RO         5205    i.HAL_UART_RxHalfCpltCallback  stm32h7xx_hal_uart.o
    0x08005f44   0x08005f44   0x00000002   Code   RO         5209    i.HAL_UART_TxCpltCallback  stm32h7xx_hal_uart.o
    0x08005f46   0x08005f46   0x00000002   Code   RO          593    i.HardFault_Handler  stm32h7xx_it.o
    0x08005f48   0x08005f48   0x00000044   Code   RO         5986    i.LFD01M_Motor_Control_Init  lfd01m_motor_driver.o
    0x08005f8c   0x08005f8c   0x0000004c   Code   RO         5750    i.LFD01M_Motor_Handle_Update  robotic_arm_control_api.o
    0x08005fd8   0x08005fd8   0x00000094   Code   RO         5987    i.LFD01M_Motor_Set_Angle  lfd01m_motor_driver.o
    0x0800606c   0x0800606c   0x00000108   Code   RO         6070    i.LK4005_Motor_Control_Init  lk4005_motor_driver.o
    0x08006174   0x08006174   0x000002fc   Code   RO         5751    i.LK4005_Motor_Handle_Update  robotic_arm_control_api.o
    0x08006470   0x08006470   0x00000084   Code   RO         6071    i.LK4005_Motor_Position_Control  lk4005_motor_driver.o
    0x080064f4   0x080064f4   0x00000024   Code   RO         6072    i.LK4005_Motor_Read_Position  lk4005_motor_driver.o
    0x08006518   0x08006518   0x00000024   Code   RO         6073    i.LK4005_Motor_Read_Velocity  lk4005_motor_driver.o
    0x0800653c   0x0800653c   0x000000f4   Code   RO         6074    i.LK4005_Motor_Response_Data_Explain  lk4005_motor_driver.o
    0x08006630   0x08006630   0x00000078   Code   RO         6075    i.LK4005_Motor_Torque_Control  lk4005_motor_driver.o
    0x080066a8   0x080066a8   0x0000005c   Code   RO          369    i.MX_DMA_Init       dma.o
    0x08006704   0x08006704   0x0000006c   Code   RO          398    i.MX_FDCAN1_Init    fdcan.o
    0x08006770   0x08006770   0x00000074   Code   RO          399    i.MX_FDCAN2_Init    fdcan.o
    0x080067e4   0x080067e4   0x000000c0   Code   RO          229    i.MX_GPIO_Init      gpio.o
    0x080068a4   0x080068a4   0x00000058   Code   RO          447    i.MX_SPI2_Init      spi.o
    0x080068fc   0x080068fc   0x000000b4   Code   RO          490    i.MX_TIM1_Init      tim.o
    0x080069b0   0x080069b0   0x00000074   Code   RO          491    i.MX_TIM2_Init      tim.o
    0x08006a24   0x08006a24   0x00000068   Code   RO          543    i.MX_USART1_UART_Init  usart.o
    0x08006a8c   0x08006a8c   0x00000002   Code   RO          594    i.MemManage_Handler  stm32h7xx_it.o
    0x08006a8e   0x08006a8e   0x00000002   PAD
    0x08006a90   0x08006a90   0x00000028   Code   RO         5813    i.Motor_Control_Init  robotic_arm_motor_hal_stm32_port.o
    0x08006ab8   0x08006ab8   0x00000058   Code   RO         5918    i.Motor_MIT_Control  control_algorithm.o
    0x08006b10   0x08006b10   0x00000002   Code   RO          595    i.NMI_Handler       stm32h7xx_it.o
    0x08006b12   0x08006b12   0x00000002   PAD
    0x08006b14   0x08006b14   0x0000002c   Code   RO         5919    i.Normalize_Angle   control_algorithm.o
    0x08006b40   0x08006b40   0x00000002   Code   RO          596    i.PendSV_Handler    stm32h7xx_it.o
    0x08006b42   0x08006b42   0x00000002   PAD
    0x08006b44   0x08006b44   0x00000120   Code   RO         2088    i.RCCEx_PLL2_Config  stm32h7xx_hal_rcc_ex.o
    0x08006c64   0x08006c64   0x00000120   Code   RO         2089    i.RCCEx_PLL3_Config  stm32h7xx_hal_rcc_ex.o
    0x08006d84   0x08006d84   0x000000c4   Code   RO         5752    i.Robotic_Arm_Control  robotic_arm_control_api.o
    0x08006e48   0x08006e48   0x00000044   Code   RO         5753    i.Robotic_Arm_Control_Init  robotic_arm_control_api.o
    0x08006e8c   0x08006e8c   0x0000000c   Code   RO          597    i.SPI2_IRQHandler   stm32h7xx_it.o
    0x08006e98   0x08006e98   0x000000bc   Code   RO         4870    i.SPI_CloseTransfer  stm32h7xx_hal_spi.o
    0x08006f54   0x08006f54   0x0000001a   Code   RO         4871    i.SPI_DMAAbortOnError  stm32h7xx_hal_spi.o
    0x08006f6e   0x08006f6e   0x00000002   Code   RO          598    i.SVC_Handler       stm32h7xx_it.o
    0x08006f70   0x08006f70   0x000002bc   Code   RO         5920    i.Speed_Plan_Update  control_algorithm.o
    0x0800722c   0x0800722c   0x00000002   Code   RO          599    i.SysTick_Handler   stm32h7xx_it.o
    0x0800722e   0x0800722e   0x00000002   PAD
    0x08007230   0x08007230   0x000000a4   Code   RO           15    i.SystemClock_Config  main.o
    0x080072d4   0x080072d4   0x000000d8   Code   RO         5708    i.SystemInit        system_stm32h7xx.o
    0x080073ac   0x080073ac   0x0000000c   Code   RO          600    i.TIM3_IRQHandler   stm32h7xx_it.o
    0x080073b8   0x080073b8   0x000000e0   Code   RO          883    i.TIM_Base_SetConfig  stm32h7xx_hal_tim.o
    0x08007498   0x08007498   0x0000001a   Code   RO          884    i.TIM_CCxChannelCmd  stm32h7xx_hal_tim.o
    0x080074b2   0x080074b2   0x00000002   PAD
    0x080074b4   0x080074b4   0x000000a4   Code   RO          896    i.TIM_OC1_SetConfig  stm32h7xx_hal_tim.o
    0x08007558   0x08007558   0x00000098   Code   RO          897    i.TIM_OC2_SetConfig  stm32h7xx_hal_tim.o
    0x080075f0   0x080075f0   0x00000098   Code   RO          898    i.TIM_OC3_SetConfig  stm32h7xx_hal_tim.o
    0x08007688   0x08007688   0x00000078   Code   RO          899    i.TIM_OC4_SetConfig  stm32h7xx_hal_tim.o
    0x08007700   0x08007700   0x00000074   Code   RO          900    i.TIM_OC5_SetConfig  stm32h7xx_hal_tim.o
    0x08007774   0x08007774   0x00000074   Code   RO          901    i.TIM_OC6_SetConfig  stm32h7xx_hal_tim.o
    0x080077e8   0x080077e8   0x00000044   Code   RO         5602    i.UARTEx_SetNbDataToProcess  stm32h7xx_hal_uart_ex.o
    0x0800782c   0x0800782c   0x000000c8   Code   RO         5211    i.UART_AdvFeatureConfig  stm32h7xx_hal_uart.o
    0x080078f4   0x080078f4   0x000000aa   Code   RO         5212    i.UART_CheckIdleState  stm32h7xx_hal_uart.o
    0x0800799e   0x0800799e   0x00000010   Code   RO         5213    i.UART_DMAAbortOnError  stm32h7xx_hal_uart.o
    0x080079ae   0x080079ae   0x0000004e   Code   RO         5214    i.UART_DMAError     stm32h7xx_hal_uart.o
    0x080079fc   0x080079fc   0x00000082   Code   RO         5215    i.UART_DMAReceiveCplt  stm32h7xx_hal_uart.o
    0x08007a7e   0x08007a7e   0x00000020   Code   RO         5217    i.UART_DMARxHalfCplt  stm32h7xx_hal_uart.o
    0x08007a9e   0x08007a9e   0x00000002   PAD
    0x08007aa0   0x08007aa0   0x00000054   Code   RO         5223    i.UART_EndRxTransfer  stm32h7xx_hal_uart.o
    0x08007af4   0x08007af4   0x0000002e   Code   RO         5224    i.UART_EndTxTransfer  stm32h7xx_hal_uart.o
    0x08007b22   0x08007b22   0x00000002   PAD
    0x08007b24   0x08007b24   0x000003dc   Code   RO         5229    i.UART_SetConfig    stm32h7xx_hal_uart.o
    0x08007f00   0x08007f00   0x000000a8   Code   RO         5230    i.UART_Start_Receive_DMA  stm32h7xx_hal_uart.o
    0x08007fa8   0x08007fa8   0x00000094   Code   RO         5236    i.UART_WaitOnFlagUntilTimeout  stm32h7xx_hal_uart.o
    0x0800803c   0x0800803c   0x0000000c   Code   RO          601    i.USART1_IRQHandler  stm32h7xx_it.o
    0x08008048   0x08008048   0x00000028   Code   RO         5814    i.Uint_To_Float     robotic_arm_motor_hal_stm32_port.o
    0x08008070   0x08008070   0x0000004c   Code   RO         5921    i.Upperarm_Gravity_Compensation  control_algorithm.o
    0x080080bc   0x080080bc   0x00000002   Code   RO          602    i.UsageFault_Handler  stm32h7xx_it.o
    0x080080be   0x080080be   0x00000026   Code   RO         6303    i.__ARM_fpclassifyf  m_wv.l(fpclassifyf.o)
    0x080080e4   0x080080e4   0x00000022   Code   RO         1828    i.__NVIC_SetPriority  stm32h7xx_hal_cortex.o
    0x08008106   0x08008106   0x00000002   PAD
    0x08008108   0x08008108   0x00000124   Code   RO         6187    i.__hardfp_acosf    m_wv.l(acosf.o)
    0x0800822c   0x0800822c   0x00000138   Code   RO         6199    i.__hardfp_asinf    m_wv.l(asinf.o)
    0x08008364   0x08008364   0x00000258   Code   RO         6211    i.__hardfp_atan2f   m_wv.l(atan2f.o)
    0x080085bc   0x080085bc   0x00000150   Code   RO         6223    i.__hardfp_cosf     m_wv.l(cosf.o)
    0x0800870c   0x0800870c   0x00000078   Code   RO         6235    i.__hardfp_floorf   m_wv.l(floorf.o)
    0x08008784   0x08008784   0x000000b0   Code   RO         6241    i.__hardfp_fmodf    m_wv.l(fmodf.o)
    0x08008834   0x08008834   0x00000658   Code   RO         6253    i.__hardfp_powf     m_wv.l(powf.o)
    0x08008e8c   0x08008e8c   0x00000194   Code   RO         6267    i.__hardfp_sinf     m_wv.l(sinf.o)
    0x08009020   0x08009020   0x0000003a   Code   RO         6279    i.__hardfp_sqrtf    m_wv.l(sqrtf.o)
    0x0800905a   0x0800905a   0x00000002   PAD
    0x0800905c   0x0800905c   0x00000018   Code   RO         6305    i.__mathlib_flt_divzero  m_wv.l(funder.o)
    0x08009074   0x08009074   0x00000006   Code   RO         6306    i.__mathlib_flt_infnan  m_wv.l(funder.o)
    0x0800907a   0x0800907a   0x00000006   Code   RO         6307    i.__mathlib_flt_infnan2  m_wv.l(funder.o)
    0x08009080   0x08009080   0x00000010   Code   RO         6308    i.__mathlib_flt_invalid  m_wv.l(funder.o)
    0x08009090   0x08009090   0x00000010   Code   RO         6309    i.__mathlib_flt_overflow  m_wv.l(funder.o)
    0x080090a0   0x080090a0   0x00000010   Code   RO         6311    i.__mathlib_flt_underflow  m_wv.l(funder.o)
    0x080090b0   0x080090b0   0x00000154   Code   RO         6319    i.__mathlib_rredf2  m_wv.l(rredf.o)
    0x08009204   0x08009204   0x00000032   Code   RO           16    i.main              main.o
    0x08009236   0x08009236   0x0000003e   Code   RO         6281    i.sqrtf             m_wv.l(sqrtf.o)
    0x08009274   0x08009274   0x00000060   Code   RO         6185    x$fpl$ffltll        fz_wv.l(ffltll_clz.o)
    0x080092d4   0x080092d4   0x0000008c   Code   RO         6344    x$fpl$fnaninf       fz_wv.l(fnaninf.o)
    0x08009360   0x08009360   0x0000000a   Code   RO         6431    x$fpl$fpinit        fz_wv.l(fpinit.o)
    0x0800936a   0x0800936a   0x00000002   PAD
    0x0800936c   0x0800936c   0x000000f4   Code   RO         6298    x$fpl$frem          fz_wv.l(frem_clz.o)
    0x08009460   0x08009460   0x00000000   Code   RO         6302    x$fpl$usenofp       fz_wv.l(usenofp.o)
    0x08009460   0x08009460   0x00000008   Data   RO         2597    .constdata          stm32h7xx_hal_dma.o
    0x08009468   0x08009468   0x0000005c   Data   RO         4321    .constdata          stm32h7xx_hal_fdcan.o
    0x080094c4   0x080094c4   0x00000018   Data   RO         5237    .constdata          stm32h7xx_hal_uart.o
    0x080094dc   0x080094dc   0x00000010   Data   RO         5603    .constdata          stm32h7xx_hal_uart_ex.o
    0x080094ec   0x080094ec   0x00000010   Data   RO         5709    .constdata          system_stm32h7xx.o
    0x080094fc   0x080094fc   0x00000140   Data   RO         6256    .constdata          m_wv.l(powf.o)
    0x0800963c   0x0800963c   0x00000020   Data   RO         6320    .constdata          m_wv.l(rredf.o)
    0x0800965c   0x0800965c   0x00000020   Data   RO         6487    Region$$Table       anon$$obj.o


    Execution Region RW_IRAM1 (Exec base: 0x20000000, Load base: 0x0800967c, Size: 0x00000000, Max: 0x00020000, ABSOLUTE)

    **** No section assigned to this execution region ****


    Execution Region RW_IRAM2 (Exec base: 0x24000000, Load base: 0x0800967c, Size: 0x000049a0, Max: 0x00050000, ABSOLUTE)

    Exec Addr    Load Addr    Size         Type   Attr      Idx    E Section Name        Object

    0x24000000   0x0800967c   0x00000004   Data   RW          401    .data               fdcan.o
    0x24000004   0x08009680   0x0000000c   Data   RW         3329    .data               stm32h7xx_hal.o
    0x24000010   0x0800968c   0x00000008   Data   RW         5710    .data               system_stm32h7xx.o
    0x24000018   0x08009694   0x00000004   Data   RW         5754    .data               robotic_arm_control_api.o
    0x2400001c   0x08009698   0x00000004   Data   RW         6077    .data               lk4005_motor_driver.o
    0x24000020        -       0x00000140   Zero   RW          400    .bss                fdcan.o
    0x24000160        -       0x00000178   Zero   RW          448    .bss                spi.o
    0x240002d8        -       0x00000098   Zero   RW          492    .bss                tim.o
    0x24000370        -       0x00000184   Zero   RW          544    .bss                usart.o
    0x240004f4        -       0x0000004c   Zero   RW          752    .bss                stm32h7xx_hal_timebase_tim.o
    0x24000540        -       0x0000000a   Zero   RW         5869    .bss                robotic_arm_communication_hal_stm32_port.o
    0x2400054a   0x0800969c   0x00000002   PAD
    0x2400054c        -       0x00000020   Zero   RW         5988    .bss                lfd01m_motor_driver.o
    0x2400056c   0x0800969c   0x00000004   PAD
    0x24000570        -       0x00000080   Zero   RW         6026    .bss                dmj4310_motor_driver.o
    0x240005f0        -       0x00000150   Zero   RW         6076    .bss                lk4005_motor_driver.o
    0x24000740        -       0x00000060   Zero   RW         6347    .bss                c_w.l(libspace.o)
    0x240007a0        -       0x00000200   Zero   RW            2    HEAP                startup_stm32h723xx.o
    0x240009a0        -       0x00004000   Zero   RW            1    STACK               startup_stm32h723xx.o


==============================================================================

Image component sizes


      Code (inc. data)   RO Data    RW Data    ZI Data      Debug   Object Name

      1408        114          0          0          0       5841   control_algorithm.o
        92          4          0          0          0        830   dma.o
       540         34          0          0        128       4073   dmj4310_motor_driver.o
       548         40          0          4        320       2788   fdcan.o
       192         12          0          0          0    1232192   gpio.o
       216         32          0          0         32       2023   lfd01m_motor_driver.o
       832        106          0          4        336       5449   lk4005_motor_driver.o
       238         10          0          0          0    1172812   main.o
       432         62          0          0         10       2738   robotic_arm_communication_hal_stm32_port.o
      1492         96          0          4          0       4661   robotic_arm_control_api.o
       458         22          0          0          0       5527   robotic_arm_motor_hal_stm32_port.o
       376         34          0          0        376       2079   spi.o
        72         30        716          0      16896        864   startup_stm32h723xx.o
       172         36          0         12          0      23698   stm32h7xx_hal.o
       160         12          0          0          0      38902   stm32h7xx_hal_cortex.o
      5980        242          8          0          0      12106   stm32h7xx_hal_dma.o
      2784         48         92          0          0      21309   stm32h7xx_hal_fdcan.o
       550         44          0          0          0       2252   stm32h7xx_hal_gpio.o
        28          6          0          0          0        846   stm32h7xx_hal_msp.o
        84          6          0          0          0        805   stm32h7xx_hal_pwr_ex.o
      2614        128          0          0          0       8789   stm32h7xx_hal_rcc.o
      3622        112          0          0          0       7821   stm32h7xx_hal_rcc_ex.o
      1144         18          0          0          0       7219   stm32h7xx_hal_spi.o
      2348        284          0          0          0      15739   stm32h7xx_hal_tim.o
       350         48          0          0          0       4144   stm32h7xx_hal_tim_ex.o
       140         20          0          0         76       1531   stm32h7xx_hal_timebase_tim.o
      3098        160         24          0          0      34292   stm32h7xx_hal_uart.o
       364          6         16          0          0       6449   stm32h7xx_hal_uart_ex.o
       150         66          0          0          0       9694   stm32h7xx_it.o
       244         38         16          8          0       1941   system_stm32h7xx.o
       476         44          0          0        152       3280   tim.o
       356         32          0          0        388       2092   usart.o

    ----------------------------------------------------------------------
     31602       1946        904         32      18720    2644786   Object Totals
         0          0         32          0          0          0   (incl. Generated)
        42          0          0          0          6          0   (incl. Padding)

    ----------------------------------------------------------------------

      Code (inc. data)   RO Data    RW Data    ZI Data      Debug   Library Member Name

         8          0          0          0          0         68   __main.o
         0          0          0          0          0          0   __rtentry.o
        12          0          0          0          0          0   __rtentry2.o
         6          0          0          0          0          0   __rtentry4.o
        52          8          0          0          0          0   __scatter.o
        26          0          0          0          0          0   __scatter_copy.o
        28          0          0          0          0          0   __scatter_zi.o
        22          0          0          0          0        100   _rserrno.o
        18          0          0          0          0         80   exit.o
         6          0          0          0          0        152   heapauxi.o
         0          0          0          0          0          0   indicate_semi.o
         2          0          0          0          0          0   libinit.o
         6          0          0          0          0          0   libinit2.o
         2          0          0          0          0          0   libshutdown.o
         2          0          0          0          0          0   libshutdown2.o
         8          4          0          0         96         68   libspace.o
       238          0          0          0          0        100   lludivv7m.o
         8          4          0          0          0         68   rt_errno_addr_intlibspace.o
        78          0          0          0          0         80   rt_memclr_w.o
       100          0          0          0          0         80   rt_memcpy_w.o
         2          0          0          0          0          0   rtexit.o
        10          0          0          0          0          0   rtexit2.o
        12          4          0          0          0         68   sys_exit.o
        74          0          0          0          0         80   sys_stackheap_outer.o
         2          0          0          0          0         68   use_no_semi.o
        96          0          0          0          0        132   ffltll_clz.o
       140          4          0          0          0        132   fnaninf.o
        10          0          0          0          0        116   fpinit.o
       244          8          0          0          0        132   frem_clz.o
         0          0          0          0          0          0   usenofp.o
       292         58          0          0          0        176   acosf.o
       312         54          0          0          0        176   asinf.o
       600         98          0          0          0        184   atan2f.o
       336         60          0          0          0        136   cosf.o
       120         18          0          0          0        116   floorf.o
       176          0          0          0          0        168   fmodf.o
        38          0          0          0          0        116   fpclassifyf.o
        84         28          0          0          0        696   funder.o
      1624        130        320          0          0        400   powf.o
       340         24         32          0          0        160   rredf.o
       404         60          0          0          0        212   sinf.o
       120          0          0          0          0        272   sqrtf.o

    ----------------------------------------------------------------------
      5666        562        352          0         96       4336   Library Totals
         8          0          0          0          0          0   (incl. Padding)

    ----------------------------------------------------------------------

      Code (inc. data)   RO Data    RW Data    ZI Data      Debug   Library Name

       722         20          0          0         96       1012   c_w.l
       490         12          0          0          0        512   fz_wv.l
      4446        530        352          0          0       2812   m_wv.l

    ----------------------------------------------------------------------
      5666        562        352          0         96       4336   Library Totals

    ----------------------------------------------------------------------

==============================================================================


      Code (inc. data)   RO Data    RW Data    ZI Data      Debug   

     37268       2508       1256         32      18816    2628606   Grand Totals
     37268       2508       1256         32      18816    2628606   ELF Image Totals
     37268       2508       1256         32          0          0   ROM Totals

==============================================================================

    Total RO  Size (Code + RO Data)                38524 (  37.62kB)
    Total RW  Size (RW Data + ZI Data)             18848 (  18.41kB)
    Total ROM Size (Code + RO Data + RW Data)      38556 (  37.65kB)

==============================================================================

